[05-Apr-2025 11:41:41 Europe/Berlin] Email de recuperação enviado para: davidfloresmacieira@gmail.com
[05-Apr-2025 11:42:06 Europe/Berlin] Email de recuperação enviado para: davidfloresmacieira@gmail.com
[05-Apr-2025 11:52:00 Europe/Berlin] Email de recuperação enviado para: davidfloresmacieira@gmail.com
[05-Apr-2025 12:02:12 Europe/Berlin] Email de recuperação enviado para: davidfloresmacieira@gmail.com
[17-Apr-2025 15:34:03 Europe/Berlin] Email de recuperação enviado para: davidfloresmacieira@gmail.com
[22-Apr-2025 07:51:37 UTC] PHP Fatal error:  Uncaught Error: Class "mysqli" not found in /var/www/html/conexao.php:8
Stack trace:
#0 /var/www/html/login/recuperar_senha.php(22): require_once()
#1 {main}
  thrown in /var/www/html/conexao.php on line 8
[22-Apr-2025 07:52:26 UTC] PHP Fatal error:  Uncaught Error: Class "mysqli" not found in /var/www/html/conexao.php:8
Stack trace:
#0 /var/www/html/login/recuperar_senha.php(22): require_once()
#1 {main}
  thrown in /var/www/html/conexao.php on line 8
[22-Apr-2025 09:53:34 Europe/Berlin] PHP Fatal error:  Uncaught mysqli_sql_exception: Nenhuma ligação pôde ser feita porque o computador de destino
as recusou ativamente in C:\xampp\htdocs\PAP\conexao.php:8
Stack trace:
#0 C:\xampp\htdocs\PAP\conexao.php(8): mysqli->__construct('localhost', 'root', Object(SensitiveParameterValue), 'basedados_pap')
#1 C:\xampp\htdocs\PAP\login\recuperar_senha.php(22): require_once('C:\\xampp\\htdocs...')
#2 {main}
  thrown in C:\xampp\htdocs\PAP\conexao.php on line 8
[22-Apr-2025 09:53:54 Europe/Berlin] Email de recuperação enviado para: davidfloresmacieira@gmail.com
[22-Apr-2025 08:13:42 UTC] PHP Fatal error:  Uncaught Error: Class "mysqli" not found in /var/www/html/conexao.php:8
Stack trace:
#0 /var/www/html/login/recuperar_senha.php(22): require_once()
#1 {main}
  thrown in /var/www/html/conexao.php on line 8
[22-Apr-2025 08:23:56 UTC] PHP Fatal error:  Uncaught Error: Class "mysqli" not found in /var/www/html/conexao.php:8
Stack trace:
#0 /var/www/html/login/recuperar_senha.php(22): require_once()
#1 {main}
  thrown in /var/www/html/conexao.php on line 8
[22-Apr-2025 08:30:35 UTC] PHP Fatal error:  Uncaught Error: Class "mysqli" not found in /var/www/html/conexao.php:8
Stack trace:
#0 /var/www/html/login/recuperar_senha.php(22): require_once()
#1 {main}
  thrown in /var/www/html/conexao.php on line 8
[22-Apr-2025 08:32:12 UTC] PHP Fatal error:  Uncaught Error: Class "mysqli" not found in /var/www/html/conexao.php:8
Stack trace:
#0 /var/www/html/login/recuperar_senha.php(22): require_once()
#1 {main}
  thrown in /var/www/html/conexao.php on line 8
[22-Apr-2025 08:32:13 UTC] PHP Fatal error:  Uncaught Error: Class "mysqli" not found in /var/www/html/conexao.php:8
Stack trace:
#0 /var/www/html/login/recuperar_senha.php(22): require_once()
#1 {main}
  thrown in /var/www/html/conexao.php on line 8
[22-Apr-2025 08:32:13 UTC] PHP Fatal error:  Uncaught Error: Class "mysqli" not found in /var/www/html/conexao.php:8
Stack trace:
#0 /var/www/html/login/recuperar_senha.php(22): require_once()
#1 {main}
  thrown in /var/www/html/conexao.php on line 8
[22-Apr-2025 08:54:02 UTC] PHP Fatal error:  Uncaught Error: Class "mysqli" not found in /var/www/html/conexao.php:8
Stack trace:
#0 /var/www/html/login/recuperar_senha.php(22): require_once()
#1 {main}
  thrown in /var/www/html/conexao.php on line 8
[22-Apr-2025 08:55:04 UTC] PHP Fatal error:  Uncaught Error: Class "mysqli" not found in /var/www/html/conexao.php:8
Stack trace:
#0 /var/www/html/login/recuperar_senha.php(22): require_once()
#1 {main}
  thrown in /var/www/html/conexao.php on line 8
[22-Apr-2025 08:57:15 UTC] PHP Fatal error:  Uncaught Error: Class "mysqli" not found in /var/www/html/conexao.php:8
Stack trace:
#0 /var/www/html/login/recuperar_senha.php(22): require_once()
#1 {main}
  thrown in /var/www/html/conexao.php on line 8
[22-Apr-2025 08:57:24 UTC] PHP Fatal error:  Uncaught Error: Class "mysqli" not found in /var/www/html/conexao.php:8
Stack trace:
#0 /var/www/html/login/recuperar_senha.php(22): require_once()
#1 {main}
  thrown in /var/www/html/conexao.php on line 8
[22-Apr-2025 09:00:25 UTC] PHP Fatal error:  Uncaught Error: Class "mysqli" not found in /var/www/html/conexao.php:8
Stack trace:
#0 /var/www/html/login/recuperar_senha.php(22): require_once()
#1 {main}
  thrown in /var/www/html/conexao.php on line 8
[22-Apr-2025 09:00:27 UTC] PHP Fatal error:  Uncaught Error: Class "mysqli" not found in /var/www/html/conexao.php:8
Stack trace:
#0 /var/www/html/login/recuperar_senha.php(22): require_once()
#1 {main}
  thrown in /var/www/html/conexao.php on line 8
[22-Apr-2025 09:00:35 UTC] PHP Fatal error:  Uncaught Error: Class "mysqli" not found in /var/www/html/conexao.php:8
Stack trace:
#0 /var/www/html/login/recuperar_senha.php(22): require_once()
#1 {main}
  thrown in /var/www/html/conexao.php on line 8
[22-Apr-2025 09:31:47 UTC] PHP Fatal error:  Uncaught Error: Class "mysqli" not found in /var/www/html/conexao.php:11
Stack trace:
#0 /var/www/html/conexao.php(30): conectarBanco()
#1 /var/www/html/login/recuperar_senha.php(22): require_once('/var/www/html/c...')
#2 {main}
  thrown in /var/www/html/conexao.php on line 11
[22-Apr-2025 09:33:33 UTC] PHP Fatal error:  Uncaught Error: Class "mysqli" not found in /var/www/html/conexao.php:11
Stack trace:
#0 /var/www/html/conexao.php(30): conectarBanco()
#1 /var/www/html/login/recuperar_senha.php(22): require_once('/var/www/html/c...')
#2 {main}
  thrown in /var/www/html/conexao.php on line 11
