[27-Mar-2025 10:47:42 Europe/Berlin] Nova reserva criada: ID=20 para davidfloresmacieira@gmail.com
[27-Mar-2025 10:47:45 Europe/Berlin] E-mail enviado com sucesso para davidfloresmacieira@gmail.com
[27-Mar-2025 10:49:11 Europe/Berlin] Erro: Dados da reserva não encontrados na sessão
[27-Mar-2025 13:05:43 Europe/Berlin] Nova reserva criada: ID=22 para davidfloresmacieira@gmail.com
[27-Mar-2025 13:05:48 Europe/Berlin] E-mail enviado com sucesso para davidfloresmacieira@gmail.com
[27-Mar-2025 20:58:42 Europe/Berlin] Nova reserva criada: ID=24 para davidfloresmacieira@gmail.com
[27-Mar-2025 20:58:45 Europe/Berlin] E-mail enviado com sucesso para davidfloresmacieira@gmail.com
[28-Mar-2025 00:00:20 Europe/Berlin] Nova reserva criada: ID=26 para emavianaa8@gmail.com
[28-Mar-2025 00:00:22 Europe/Berlin] E-mail enviado com sucesso para emavianaa8@gmail.com
[28-Mar-2025 00:01:55 Europe/Berlin] Nova reserva criada: ID=28 para davidfloresmacieira@gmail.com
[28-Mar-2025 00:01:57 Europe/Berlin] E-mail enviado com sucesso para davidfloresmacieira@gmail.com
[28-Mar-2025 00:03:03 Europe/Berlin] Nova reserva criada: ID=30 para davidfloresmacieira@gmail.com
[28-Mar-2025 00:03:05 Europe/Berlin] E-mail enviado com sucesso para davidfloresmacieira@gmail.com
[28-Mar-2025 00:04:45 Europe/Berlin] Nova reserva criada: ID=32 para emavianaa8@gmail.com
[28-Mar-2025 00:04:47 Europe/Berlin] E-mail enviado com sucesso para emavianaa8@gmail.com
[28-Mar-2025 21:04:06 Europe/Berlin] Nova reserva criada: ID=34 para davidfloresmacieira@gmail.com
[28-Mar-2025 21:04:09 Europe/Berlin] E-mail enviado com sucesso para davidfloresmacieira@gmail.com
[05-Apr-2025 12:04:36 Europe/Berlin] PHP Fatal error:  Uncaught mysqli_sql_exception: Unknown database 'pap' in C:\xampp\htdocs\PAP\pagamento\confirmacao.php:44
Stack trace:
#0 C:\xampp\htdocs\PAP\pagamento\confirmacao.php(44): mysqli->__construct('localhost', 'root', Object(SensitiveParameterValue), 'pap')
#1 {main}
  thrown in C:\xampp\htdocs\PAP\pagamento\confirmacao.php on line 44
[05-Apr-2025 12:07:35 Europe/Berlin] Nova reserva criada: ID=26 para davidfloresmacieira@gmail.com
[05-Apr-2025 12:07:57 Europe/Berlin] E-mail enviado com sucesso para davidfloresmacieira@gmail.com
[11-Apr-2025 23:00:36 Europe/Berlin] PHP Fatal error:  Uncaught mysqli_sql_exception: Unknown column 'R_servicos' in 'field list' in C:\xampp\htdocs\PAP\pagamento\confirmacao.php:94
Stack trace:
#0 C:\xampp\htdocs\PAP\pagamento\confirmacao.php(94): mysqli->prepare('INSERT INTO res...')
#1 {main}
  thrown in C:\xampp\htdocs\PAP\pagamento\confirmacao.php on line 94
[11-Apr-2025 23:01:22 Europe/Berlin] Nova reserva criada: ID=28 para davidfloresmacieira@gmail.com
[11-Apr-2025 23:01:26 Europe/Berlin] E-mail enviado com sucesso para davidfloresmacieira@gmail.com
[11-Apr-2025 23:41:59 Europe/Berlin] Nova reserva criada: ID=30 para davidfloresmacieira@gmail.com
[11-Apr-2025 23:44:50 Europe/Berlin] Nova reserva criada: ID=32 para davidfloresmacieira@gmail.com
[11-Apr-2025 23:48:23 Europe/Berlin] Erro: Dados da reserva não encontrados na sessão
[11-Apr-2025 23:48:35 Europe/Berlin] Nova reserva criada: ID=33 para davidfloresmacieira@gmail.com
[11-Apr-2025 23:49:00 Europe/Berlin] Erro: Dados da reserva não encontrados na sessão
[12-Apr-2025 00:02:00 Europe/Berlin] Erro: Dados da reserva não encontrados na sessão
[12-Apr-2025 00:02:11 Europe/Berlin] Nova reserva criada: ID=35 para davidfloresmacieira@gmail.com
[12-Apr-2025 00:03:39 Europe/Berlin] Nova reserva criada: ID=36 para davidfloresmacieira@gmail.com
[12-Apr-2025 00:03:40 Europe/Berlin] Nova reserva criada: ID=37 para davidfloresmacieira@gmail.com
[12-Apr-2025 00:04:17 Europe/Berlin] Nova reserva criada: ID=38 para davidfloresmacieira@gmail.com
[12-Apr-2025 00:10:22 Europe/Berlin] Nova reserva criada: ID=39 para davidfloresmacieira@gmail.com
[12-Apr-2025 00:10:25 Europe/Berlin] E-mail enviado com sucesso para davidfloresmacieira@gmail.com
[12-Apr-2025 00:13:04 Europe/Berlin] Erro: Dados da reserva não encontrados na sessão
[12-Apr-2025 00:14:32 Europe/Berlin] Nova reserva criada: ID=41 para davidfloresmacieira@gmail.com
[12-Apr-2025 00:14:34 Europe/Berlin] E-mail enviado com sucesso para davidfloresmacieira@gmail.com
[06-May-2025 10:16:21 UTC] PHP Deprecated:  Constant FILTER_SANITIZE_STRING is deprecated in /var/www/html/pagamento/confirmacao.php on line 27
[06-May-2025 10:16:21 UTC] PHP Deprecated:  Constant FILTER_SANITIZE_STRING is deprecated in /var/www/html/pagamento/confirmacao.php on line 28
[06-May-2025 10:16:21 UTC] PHP Fatal error:  Uncaught mysqli_sql_exception: No such file or directory in /var/www/html/pagamento/confirmacao.php:40
Stack trace:
#0 /var/www/html/pagamento/confirmacao.php(40): mysqli->__construct('localhost', 'root', Object(SensitiveParameterValue), 'basedados_pap')
#1 {main}
  thrown in /var/www/html/pagamento/confirmacao.php on line 40
[07-May-2025 08:31:40 UTC] PHP Deprecated:  Constant FILTER_SANITIZE_STRING is deprecated in /var/www/html/pagamento/confirmacao.php on line 27
[07-May-2025 08:31:40 UTC] PHP Deprecated:  Constant FILTER_SANITIZE_STRING is deprecated in /var/www/html/pagamento/confirmacao.php on line 28
[07-May-2025 08:31:40 UTC] PHP Fatal error:  Uncaught mysqli_sql_exception: No such file or directory in /var/www/html/pagamento/confirmacao.php:40
Stack trace:
#0 /var/www/html/pagamento/confirmacao.php(40): mysqli->__construct('localhost', 'root', Object(SensitiveParameterValue), 'basedados_pap')
#1 {main}
  thrown in /var/www/html/pagamento/confirmacao.php on line 40
[09-May-2025 08:49:11 UTC] PHP Deprecated:  Constant FILTER_SANITIZE_STRING is deprecated in /var/www/html/pagamento/confirmacao.php on line 27
[09-May-2025 08:49:11 UTC] PHP Deprecated:  Constant FILTER_SANITIZE_STRING is deprecated in /var/www/html/pagamento/confirmacao.php on line 28
[09-May-2025 08:49:11 UTC] PHP Fatal error:  Uncaught mysqli_sql_exception: No such file or directory in /var/www/html/pagamento/confirmacao.php:40
Stack trace:
#0 /var/www/html/pagamento/confirmacao.php(40): mysqli->__construct('localhost', 'root', Object(SensitiveParameterValue), 'basedados_pap')
#1 {main}
  thrown in /var/www/html/pagamento/confirmacao.php on line 40
[09-May-2025 08:50:37 UTC] PHP Deprecated:  Constant FILTER_SANITIZE_STRING is deprecated in /var/www/html/pagamento/confirmacao.php on line 28
[09-May-2025 08:50:37 UTC] PHP Fatal error:  Uncaught mysqli_sql_exception: No such file or directory in /var/www/html/pagamento/confirmacao.php:40
Stack trace:
#0 /var/www/html/pagamento/confirmacao.php(40): mysqli->__construct('localhost', 'root', Object(SensitiveParameterValue), 'basedados_pap')
#1 {main}
  thrown in /var/www/html/pagamento/confirmacao.php on line 40
[09-May-2025 08:51:12 UTC] PHP Fatal error:  Uncaught mysqli_sql_exception: No such file or directory in /var/www/html/pagamento/confirmacao.php:41
Stack trace:
#0 /var/www/html/pagamento/confirmacao.php(41): mysqli->__construct('localhost', 'root', Object(SensitiveParameterValue), 'basedados_pap')
#1 {main}
  thrown in /var/www/html/pagamento/confirmacao.php on line 41
[09-May-2025 08:51:41 UTC] PHP Fatal error:  Uncaught mysqli_sql_exception: Field 'R_metodo_pagamento' doesn't have a default value in /var/www/html/pagamento/confirmacao.php:90
Stack trace:
#0 /var/www/html/pagamento/confirmacao.php(90): mysqli_stmt->execute()
#1 {main}
  thrown in /var/www/html/pagamento/confirmacao.php on line 90
[09-May-2025 08:51:42 UTC] PHP Fatal error:  Uncaught mysqli_sql_exception: Field 'R_metodo_pagamento' doesn't have a default value in /var/www/html/pagamento/confirmacao.php:90
Stack trace:
#0 /var/www/html/pagamento/confirmacao.php(90): mysqli_stmt->execute()
#1 {main}
  thrown in /var/www/html/pagamento/confirmacao.php on line 90
[09-May-2025 08:51:42 UTC] PHP Fatal error:  Uncaught mysqli_sql_exception: Field 'R_metodo_pagamento' doesn't have a default value in /var/www/html/pagamento/confirmacao.php:90
Stack trace:
#0 /var/www/html/pagamento/confirmacao.php(90): mysqli_stmt->execute()
#1 {main}
  thrown in /var/www/html/pagamento/confirmacao.php on line 90
[09-May-2025 08:51:42 UTC] PHP Fatal error:  Uncaught mysqli_sql_exception: Field 'R_metodo_pagamento' doesn't have a default value in /var/www/html/pagamento/confirmacao.php:90
Stack trace:
#0 /var/www/html/pagamento/confirmacao.php(90): mysqli_stmt->execute()
#1 {main}
  thrown in /var/www/html/pagamento/confirmacao.php on line 90
[09-May-2025 08:54:32 UTC] Nova reserva criada: ID=14 para davidfloresmacieira@gmail.com
[09-May-2025 08:54:37 UTC] E-mail enviado com sucesso para davidfloresmacieira@gmail.com
[09-May-2025 09:36:05 UTC] Nova reserva criada: ID=16 para davidfloresmacieira@gmail.com
[09-May-2025 09:36:08 UTC] E-mail enviado com sucesso para davidfloresmacieira@gmail.com
[09-May-2025 09:45:09 UTC] Nova reserva criada: ID=18 para davidfloresmacieira@gmail.com
[09-May-2025 09:45:11 UTC] E-mail enviado com sucesso para davidfloresmacieira@gmail.com
[09-May-2025 09:46:38 UTC] Erro: Dados da reserva não encontrados na sessão
[09-May-2025 10:16:24 UTC] Nova reserva criada: ID=20 para davidfloresmacieira@gmail.com
[09-May-2025 10:16:24 UTC] PHP Warning:  Undefined array key "apelido" in /var/www/html/pagamento/confirmacao.php on line 121
[09-May-2025 10:16:24 UTC] PHP Warning:  Undefined array key "apelido" in /var/www/html/pagamento/confirmacao.php on line 182
[09-May-2025 10:16:24 UTC] PHP Warning:  Undefined array key "apelido" in /var/www/html/pagamento/confirmacao.php on line 272
[09-May-2025 10:16:27 UTC] E-mail enviado com sucesso para davidfloresmacieira@gmail.com
[09-May-2025 10:18:32 UTC] Nova reserva criada: ID=22 para davidfloresmacieira@gmail.com
[09-May-2025 10:18:32 UTC] Exception ao enviar e-mail: You must provide at least one recipient email address.
[09-May-2025 10:19:02 UTC] Erro: Dados da reserva não encontrados na sessão
[12-May-2025 11:25:04 UTC] Nova reserva criada: ID=24 para davidfloresmacieira@gmail.com
[12-May-2025 11:25:05 UTC] PHP Warning:  Undefined array key "apelido" in /var/www/html/pagamento/confirmacao.php on line 121
[12-May-2025 11:25:06 UTC] PHP Warning:  Undefined array key "apelido" in /var/www/html/pagamento/confirmacao.php on line 182
[12-May-2025 11:25:06 UTC] PHP Warning:  Undefined array key "apelido" in /var/www/html/pagamento/confirmacao.php on line 272
[12-May-2025 11:25:08 UTC] E-mail enviado com sucesso para davidfloresmacieira@gmail.com
[13-May-2025 11:23:03 UTC] Nova reserva criada: ID=3 para davidfloresmacieira@gmail.cm
[13-May-2025 11:23:04 UTC] PHP Warning:  Undefined array key "apelido" in /var/www/html/pagamento/confirmacao.php on line 121
[13-May-2025 11:23:04 UTC] PHP Warning:  Undefined array key "apelido" in /var/www/html/pagamento/confirmacao.php on line 182
[13-May-2025 11:23:04 UTC] PHP Warning:  Undefined array key "apelido" in /var/www/html/pagamento/confirmacao.php on line 272
[13-May-2025 11:23:06 UTC] E-mail enviado com sucesso para davidfloresmacieira@gmail.cm
[13-May-2025 12:41:01 UTC] Nova reserva criada: ID=5 para davidfloresmacieira@gmail.cm
[13-May-2025 12:41:01 UTC] PHP Warning:  Undefined array key "apelido" in /var/www/html/pagamento/confirmacao.php on line 121
[13-May-2025 12:41:01 UTC] PHP Warning:  Undefined array key "apelido" in /var/www/html/pagamento/confirmacao.php on line 272
[13-May-2025 12:41:03 UTC] E-mail enviado com sucesso para davidfloresmacieira@gmail.cm
[13-May-2025 12:42:20 UTC] Erro: Dados da reserva não encontrados na sessão
[13-May-2025 12:44:15 UTC] Nova reserva criada: ID=7 para davidfloresmacieira@gmail.cm
[13-May-2025 12:44:17 UTC] E-mail enviado com sucesso para davidfloresmacieira@gmail.cm
[14-May-2025 13:43:29 UTC] Nova reserva criada: ID=11 para emavianaa8@gmail.com
[14-May-2025 13:43:33 UTC] E-mail enviado com sucesso para emavianaa8@gmail.com
[15-May-2025 08:38:08 UTC] Nova reserva criada: ID=13 para davidfloresmacieira@gmail.com
[15-May-2025 08:38:12 UTC] E-mail enviado com sucesso para davidfloresmacieira@gmail.com
[15-May-2025 08:40:09 UTC] Nova reserva criada: ID=15 para davidfloresmacieira@gmail.com
[15-May-2025 08:40:11 UTC] E-mail enviado com sucesso para davidfloresmacieira@gmail.com
[15-May-2025 08:41:43 UTC] Nova reserva criada: ID=17 para davidfloresmacieira@gmail.com
[15-May-2025 08:41:45 UTC] E-mail enviado com sucesso para davidfloresmacieira@gmail.com
[15-May-2025 09:38:52 UTC] Erro: Dados da reserva não encontrados na sessão
[15-May-2025 09:38:53 UTC] Erro: Dados da reserva não encontrados na sessão
[16-May-2025 14:32:26 UTC] Nova reserva criada: ID=2 para davidfloresmacieira@gmail.com
[16-May-2025 14:32:30 UTC] E-mail enviado com sucesso para davidfloresmacieira@gmail.com
[19-May-2025 11:00:50 UTC] Nova reserva criada: ID=11 para catarinamacieira@gmail.com
[19-May-2025 11:00:54 UTC] E-mail enviado com sucesso para catarinamacieira@gmail.com
[19-May-2025 11:07:54 UTC] Nova reserva criada: ID=13 para davidfloresmacieira@gmail.com
[19-May-2025 11:07:56 UTC] E-mail enviado com sucesso para davidfloresmacieira@gmail.com
