[22-Apr-2025 16:23:03 Europe/Berlin] PHP Notice:  session_start(): Ignoring session_start() because a session is already active in C:\xampp\htdocs\PAP\login1\mail_config.php on line 2
[22-Apr-2025 16:23:03 Europe/Berlin] PHP Warning:  include(login_page.php): Failed to open stream: No such file or directory in C:\xampp\htdocs\PAP\login1\mail_config.php on line 123
[22-Apr-2025 16:23:03 Europe/Berlin] PHP Warning:  include(): Failed opening 'login_page.php' for inclusion (include_path='C:\xampp\php\PEAR') in C:\xampp\htdocs\PAP\login1\mail_config.php on line 123
[22-Apr-2025 16:23:12 Europe/Berlin] PHP Notice:  session_start(): Ignoring session_start() because a session is already active in C:\xampp\htdocs\PAP\login1\mail_config.php on line 2
[22-Apr-2025 16:23:12 Europe/Berlin] PHP Warning:  include(login_page.php): Failed to open stream: No such file or directory in C:\xampp\htdocs\PAP\login1\mail_config.php on line 123
[22-Apr-2025 16:23:12 Europe/Berlin] PHP Warning:  include(): Failed opening 'login_page.php' for inclusion (include_path='C:\xampp\php\PEAR') in C:\xampp\htdocs\PAP\login1\mail_config.php on line 123
[22-Apr-2025 19:33:49 Europe/Berlin] PHP Notice:  session_start(): Ignoring session_start() because a session is already active in C:\xampp\htdocs\PAP\login1\mail_config.php on line 2
[22-Apr-2025 19:33:49 Europe/Berlin] PHP Warning:  include(login_page.php): Failed to open stream: No such file or directory in C:\xampp\htdocs\PAP\login1\mail_config.php on line 123
[22-Apr-2025 19:33:49 Europe/Berlin] PHP Warning:  include(): Failed opening 'login_page.php' for inclusion (include_path='C:\xampp\php\PEAR') in C:\xampp\htdocs\PAP\login1\mail_config.php on line 123
[23-Apr-2025 10:05:56 Europe/Berlin] PHP Notice:  session_start(): Ignoring session_start() because a session is already active in C:\xampp\htdocs\PAP\login1\mail_config.php on line 2
[23-Apr-2025 10:05:56 Europe/Berlin] PHP Warning:  include(login_page.php): Failed to open stream: No such file or directory in C:\xampp\htdocs\PAP\login1\mail_config.php on line 123
[23-Apr-2025 10:05:56 Europe/Berlin] PHP Warning:  include(): Failed opening 'login_page.php' for inclusion (include_path='C:\xampp\php\PEAR') in C:\xampp\htdocs\PAP\login1\mail_config.php on line 123
[30-Apr-2025 09:00:46 UTC] PHP Fatal error:  Uncaught Error: Class "mysqli" not found in /var/www/html/conexao.php:9
Stack trace:
#0 /var/www/html/login1/recuperar_senha.php(22): require_once()
#1 {main}
  thrown in /var/www/html/conexao.php on line 9
[30-Apr-2025 09:01:43 UTC] PHP Fatal error:  Uncaught Error: Class "mysqli" not found in /var/www/html/conexao.php:9
Stack trace:
#0 /var/www/html/login1/recuperar_senha.php(22): require_once()
#1 {main}
  thrown in /var/www/html/conexao.php on line 9
