[22-Apr-2025 14:36:19 UTC] Início do processamento de registro
[22-Apr-2025 14:36:19 UTC] [2025-04-22 14:36:19] - Tentando conectar ao banco de dados: {"host":"db","banco":"basedados_pap","usuario":"root"}
[22-Apr-2025 14:36:19 UTC] [2025-04-22 14:36:19] - Conexão com o banco de dados estabelecida com sucesso
[22-Apr-2025 14:41:33 UTC] Início do processamento de registro
[22-Apr-2025 14:41:33 UTC] [2025-04-22 14:41:33] - Tentando conectar ao banco de dados: {"host":"db","banco":"basedados_pap","usuario":"root"}
[22-Apr-2025 14:41:33 UTC] [2025-04-22 14:41:33] - Conexão com o banco de dados estabelecida com sucesso
[22-Apr-2025 14:41:33 UTC] POST recebido: Array
(
    [nome] => Lucas Maciel
    [email] => 03lucasmaciel@gmail.com
    [password] => Mat3luc17
    [telefone] => 937563908
    [documento] => 123
    [aceitar_termos] => on
    [csrf_token] => bef692c00af9703ac96188b3946ef3d9fe8c39d668fd6b02a614a3983f0ca9ac
)

[22-Apr-2025 14:41:33 UTC] Em ambiente local: simulando envio de email para 03lucasmaciel@gmail.com
[22-Apr-2025 14:41:33 UTC] Assunto: Verifique seu email - Quinta Flores
[22-Apr-2025 14:41:33 UTC] Corpo: <h2>Bem-vindo à Quinta Flores!</h2>
                <p>Obrigado por se registrar. Por favor, clique no link abaixo para verificar seu email:</p>
                <p><a href='http://localhost:8080/PAP/...
[22-Apr-2025 14:45:47 UTC] Início do processamento de registro
[22-Apr-2025 14:45:47 UTC] [2025-04-22 14:45:47] - Tentando conectar ao banco de dados: {"host":"db","banco":"basedados_pap","usuario":"root"}
[22-Apr-2025 14:45:47 UTC] [2025-04-22 14:45:47] - Conexão com o banco de dados estabelecida com sucesso
[22-Apr-2025 14:45:47 UTC] POST recebido: Array
(
    [nome] => Lucas Maciel
    [email] => 03lucasmaciel@gmail.com
    [password] => Mat3luc17
    [telefone] => 937563908
    [documento] => 1234
    [aceitar_termos] => on
    [csrf_token] => bef692c00af9703ac96188b3946ef3d9fe8c39d668fd6b02a614a3983f0ca9ac
)

[22-Apr-2025 14:45:47 UTC] Em ambiente local: simulando envio de email para 03lucasmaciel@gmail.com
[22-Apr-2025 14:45:47 UTC] Assunto: Verifique seu email - Quinta Flores
[22-Apr-2025 14:45:47 UTC] Corpo: <h2>Bem-vindo à Quinta Flores!</h2>
                <p>Obrigado por se registrar. Por favor, clique no link abaixo para verificar seu email:</p>
                <p><a href='http://localhost:8080/PAP/...
[22-Apr-2025 14:47:46 UTC] Início do processamento de registro
[22-Apr-2025 14:47:46 UTC] [2025-04-22 14:47:46] - Tentando conectar ao banco de dados: {"host":"db","banco":"basedados_pap","usuario":"root"}
[22-Apr-2025 14:47:46 UTC] [2025-04-22 14:47:46] - Conexão com o banco de dados estabelecida com sucesso
[22-Apr-2025 14:47:46 UTC] POST recebido: Array
(
    [nome] => Lucas Maciel
    [email] => 03lucasmaciel@gmail.com
    [password] => Mat3luc17
    [telefone] => 937563908
    [documento] => 123
    [aceitar_termos] => on
    [csrf_token] => bef692c00af9703ac96188b3946ef3d9fe8c39d668fd6b02a614a3983f0ca9ac
)

[22-Apr-2025 14:47:46 UTC] Erro ao enviar email: SMTP Error: Could not authenticate.
[22-Apr-2025 14:49:22 UTC] Início do processamento de registro
[22-Apr-2025 14:49:23 UTC] [2025-04-22 14:49:23] - Tentando conectar ao banco de dados: {"host":"db","banco":"basedados_pap","usuario":"root"}
[22-Apr-2025 14:49:23 UTC] [2025-04-22 14:49:23] - Conexão com o banco de dados estabelecida com sucesso
[22-Apr-2025 14:49:23 UTC] POST recebido: Array
(
    [nome] => Lucas Maciel
    [email] => 03lucasmaciel@gmail.com
    [password] => Mat3luc17
    [telefone] => 937563908
    [documento] => 1234
    [aceitar_termos] => on
    [csrf_token] => bef692c00af9703ac96188b3946ef3d9fe8c39d668fd6b02a614a3983f0ca9ac
)

[22-Apr-2025 14:49:33 UTC] Início do processamento de registro
[22-Apr-2025 14:49:33 UTC] [2025-04-22 14:49:33] - Tentando conectar ao banco de dados: {"host":"db","banco":"basedados_pap","usuario":"root"}
[22-Apr-2025 14:49:33 UTC] [2025-04-22 14:49:33] - Conexão com o banco de dados estabelecida com sucesso
[22-Apr-2025 14:49:33 UTC] POST recebido: Array
(
    [nome] => Lucas Maciel
    [email] => 03lucasmaciel@gmail.com
    [password] => Mat3luc17
    [telefone] => 937563908
    [documento] => 1234
    [aceitar_termos] => on
    [csrf_token] => bef692c00af9703ac96188b3946ef3d9fe8c39d668fd6b02a614a3983f0ca9ac
)

[22-Apr-2025 14:49:33 UTC] Tentando inserir novo hospede: {"nome":"Lucas Maciel","email":"03lucasmaciel@gmail.com","telefone":"937563908","documento":"1234"}
[22-Apr-2025 14:49:34 UTC] Erro ao enviar email: SMTP Error: Could not authenticate.
[22-Apr-2025 14:49:56 UTC] Início do processamento de registro
[22-Apr-2025 14:49:56 UTC] [2025-04-22 14:49:56] - Tentando conectar ao banco de dados: {"host":"db","banco":"basedados_pap","usuario":"root"}
[22-Apr-2025 14:49:56 UTC] [2025-04-22 14:49:56] - Conexão com o banco de dados estabelecida com sucesso
[22-Apr-2025 14:49:56 UTC] POST recebido: Array
(
    [nome] => Lucas Maciel
    [email] => 03lucasmaciel@gmail.com
    [password] => Mat3luc17
    [telefone] => 937563908
    [documento] => 123
    [aceitar_termos] => on
    [csrf_token] => bef692c00af9703ac96188b3946ef3d9fe8c39d668fd6b02a614a3983f0ca9ac
)

[22-Apr-2025 14:49:56 UTC] Tentando inserir novo hospede: {"nome":"Lucas Maciel","email":"03lucasmaciel@gmail.com","telefone":"937563908","documento":"123"}
[22-Apr-2025 14:49:57 UTC] Erro ao enviar email: SMTP Error: Could not authenticate.
[22-Apr-2025 14:52:28 UTC] Início do processamento de registro
[22-Apr-2025 14:52:28 UTC] [2025-04-22 14:52:28] - Tentando conectar ao banco de dados: {"host":"db","banco":"basedados_pap","usuario":"root"}
[22-Apr-2025 14:52:28 UTC] [2025-04-22 14:52:28] - Conexão com o banco de dados estabelecida com sucesso
[22-Apr-2025 14:52:50 UTC] Início do processamento de registro
[22-Apr-2025 14:52:50 UTC] [2025-04-22 14:52:50] - Tentando conectar ao banco de dados: {"host":"db","banco":"basedados_pap","usuario":"root"}
[22-Apr-2025 14:52:50 UTC] [2025-04-22 14:52:50] - Conexão com o banco de dados estabelecida com sucesso
[22-Apr-2025 14:56:45 UTC] Início do processamento de registro
[22-Apr-2025 14:56:45 UTC] [2025-04-22 14:56:45] - Tentando conectar ao banco de dados: {"host":"db","banco":"basedados_pap","usuario":"root"}
[22-Apr-2025 14:56:45 UTC] [2025-04-22 14:56:45] - Conexão com o banco de dados estabelecida com sucesso
[22-Apr-2025 14:56:46 UTC] Início do processamento de registro
[22-Apr-2025 14:56:46 UTC] [2025-04-22 14:56:46] - Tentando conectar ao banco de dados: {"host":"db","banco":"basedados_pap","usuario":"root"}
[22-Apr-2025 14:56:46 UTC] [2025-04-22 14:56:46] - Conexão com o banco de dados estabelecida com sucesso
[22-Apr-2025 15:00:15 UTC] Início do processamento de registro
[22-Apr-2025 15:00:15 UTC] [2025-04-22 15:00:15] - Tentando conectar ao banco de dados: {"host":"db","banco":"basedados_pap","usuario":"root"}
[22-Apr-2025 15:00:15 UTC] [2025-04-22 15:00:15] - Conexão com o banco de dados estabelecida com sucesso
[22-Apr-2025 15:00:15 UTC] POST recebido: Array
(
    [nome] => Lucas Maciel
    [email] => 03lucasmaciel@gmail.com
    [password] => Mat3luc17
    [telefone] => 937563908
    [documento] => 123
    [aceitar_termos] => on
    [csrf_token] => bef692c00af9703ac96188b3946ef3d9fe8c39d668fd6b02a614a3983f0ca9ac
)

[22-Apr-2025 15:00:15 UTC] Simulando envio de email para: 03lucasmaciel@gmail.com
[22-Apr-2025 15:00:15 UTC] Assunto: Verifique seu email - Quinta Flores
[22-Apr-2025 15:00:15 UTC] Conteúdo: <h2>Bem-vindo à Quinta Flores!</h2>
                <p>Obrigado por se registrar. Por favor, clique no link abaixo para verificar seu email:</p>
                <p><a href='http://localhost:8080/PAP/...
[22-Apr-2025 17:03:54 Europe/Berlin] Início do processamento de registro
[22-Apr-2025 17:03:54 Europe/Berlin] POST recebido: Array
(
    [nome] => Teste
    [email] => davidfloresmacieira@gmail.com
    [password] => David12345
    [telefone] => 919919919
    [documento] => 7237336263
    [aceitar_termos] => on
    [csrf_token] => a9c2409486c14bbcc4c50899c94d62d976d318c73e19e0eff52a44836c96e411
)

[22-Apr-2025 17:04:11 Europe/Berlin] Início do processamento de registro
[22-Apr-2025 17:04:11 Europe/Berlin] POST recebido: Array
(
    [nome] => Teste
    [email] => 03lucasmaciel@gmail.com
    [password] => David12345
    [telefone] => 919919919
    [documento] => 7237336263
    [aceitar_termos] => on
    [csrf_token] => a9c2409486c14bbcc4c50899c94d62d976d318c73e19e0eff52a44836c96e411
)

[22-Apr-2025 17:04:11 Europe/Berlin] Simulando envio de email para: 03lucasmaciel@gmail.com
[22-Apr-2025 17:04:11 Europe/Berlin] Assunto: Verifique seu email - Quinta Flores
[22-Apr-2025 17:04:11 Europe/Berlin] Conteúdo: <h2>Bem-vindo à Quinta Flores!</h2>
                <p>Obrigado por se registrar. Por favor, clique no link abaixo para verificar seu email:</p>
                <p><a href='http://localhost/PAP/log...
[22-Apr-2025 17:43:19 Europe/Berlin] Início do processamento de registro
[22-Apr-2025 17:43:19 Europe/Berlin] POST recebido: Array
(
    [nome] => teste
    [email] => 03lucasmaciel@gmail.com
    [password] => Teste12345
    [telefone] => 182991281
    [documento] => 38747
    [aceitar_termos] => on
    [csrf_token] => a9c2409486c14bbcc4c50899c94d62d976d318c73e19e0eff52a44836c96e411
)

[22-Apr-2025 17:43:19 Europe/Berlin] Simulando envio de email para: 03lucasmaciel@gmail.com
[22-Apr-2025 17:43:19 Europe/Berlin] Assunto: Verifique seu email - Quinta Flores
[22-Apr-2025 17:43:19 Europe/Berlin] Conteúdo: <h2>Bem-vindo à Quinta Flores!</h2>
                <p>Obrigado por se registrar. Por favor, clique no link abaixo para verificar seu email:</p>
                <p><a href='http://localhost/PAP/log...
[30-Apr-2025 08:56:24 UTC] Início do processamento de registro
[05-May-2025 09:53:59 UTC] Início do processamento de registro
[05-May-2025 09:54:00 UTC] POST recebido: Array
(
    [nome] => Ema
    [email] => emavviana8@gmail.com
    [password] => Ema123456&
    [telefone] => 919241169
    [documento] => 234654321
    [aceitar_termos] => on
    [csrf_token] => ad8dfa4d1813550d2c6e269264a7083684a2c0f3556263062e867713ccabe3e9
)

[05-May-2025 09:54:00 UTC] Simulando envio de email para: emavviana8@gmail.com
[05-May-2025 09:54:00 UTC] Assunto: Verifique seu email - Quinta Flores
[05-May-2025 09:54:00 UTC] Conteúdo: <h2>Bem-vindo à Quinta Flores!</h2>
                <p>Obrigado por se registrar. Por favor, clique no link abaixo para verificar seu email:</p>
                <p><a href='http://localhost:8080/PA...
[05-May-2025 09:59:26 UTC] Início do processamento de registro
[05-May-2025 09:59:26 UTC] POST recebido: Array
(
    [nome] => David Flores Macieira
    [email] => davidfloresmacieira@gmail.com
    [password] => David1234
    [telefone] => 919241169
    [documento] => 250987654
    [aceitar_termos] => on
    [csrf_token] => ad8dfa4d1813550d2c6e269264a7083684a2c0f3556263062e867713ccabe3e9
)

[05-May-2025 09:59:26 UTC] Simulando envio de email para: davidfloresmacieira@gmail.com
[05-May-2025 09:59:26 UTC] Assunto: Verifique seu email - Quinta Flores
[05-May-2025 09:59:26 UTC] Conteúdo: <h2>Bem-vindo à Quinta Flores!</h2>
                <p>Obrigado por se registrar. Por favor, clique no link abaixo para verificar seu email:</p>
                <p><a href='http://localhost:8080/PA...
[06-May-2025 14:10:36 UTC] Início do processamento de registro
[06-May-2025 14:10:37 UTC] POST recebido: Array
(
    [nome] => Ema Viana
    [email] => eee@gmail.com
    [password] => Rgdfsfsfs888
    [telefone] => 624623784
    [documento] => 7345274245
    [aceitar_termos] => on
    [csrf_token] => e1e7d234d28730aded08c07f18e3053901e92dedca328cf5d2a2a76d6175514e
)

[06-May-2025 14:10:37 UTC] Simulando envio de email para: eee@gmail.com
[06-May-2025 14:10:37 UTC] Assunto: Verifique seu email - Quinta Flores
[06-May-2025 14:10:37 UTC] Conteúdo: <h2>Bem-vindo à Quinta Flores!</h2>
                <p>Obrigado por se registrar. Por favor, clique no link abaixo para verificar seu email:</p>
                <p><a href='http://localhost:8080/PA...
[09-May-2025 09:52:04 UTC] Início do processamento de registro
[09-May-2025 09:52:05 UTC] POST recebido: Array
(
    [nome] => ema
    [email] => emavviana@gmail.com
    [password] => Davidema123#
    [telefone] => 919191919
    [documento] => 919191919
    [aceitar_termos] => on
    [csrf_token] => 9d2839f7510a90a3ef5d3371c83ba6b55797ea57d7ce74a7c14f1245f452c480
)

[09-May-2025 09:52:05 UTC] Simulando envio de email para: emavviana@gmail.com
[09-May-2025 09:52:05 UTC] Assunto: Verifique seu email - Quinta Flores
[09-May-2025 09:52:05 UTC] Conteúdo: <h2>Bem-vindo à Quinta Flores!</h2>
                <p>Obrigado por se registrar. Por favor, clique no link abaixo para verificar seu email:</p>
                <p><a href='http://localhost:8080/PA...
[12-May-2025 10:34:06 UTC] Início do processamento de registro
[12-May-2025 10:34:06 UTC] POST recebido: Array
(
    [nome] => david
    [email] => davidfloresmacieira@gmail.com
    [password] => David1233
    [telefone] => 919241169
    [documento] => 2312313
    [aceitar_termos] => on
    [csrf_token] => 44c5d5232dca7661651b2dd20db36a23df974a74dc657edafcdc5990915ef35f
)

[12-May-2025 10:34:07 UTC] Simulando envio de email para: davidfloresmacieira@gmail.com
[12-May-2025 10:34:07 UTC] Assunto: Verifique seu email - Quinta Flores
[12-May-2025 10:34:07 UTC] Conteúdo: <h2>Bem-vindo à Quinta Flores!</h2>
                <p>Obrigado por se registrar. Por favor, clique no link abaixo para verificar seu email:</p>
                <p><a href='http://localhost:8080/PA...
[12-May-2025 10:48:06 UTC] Início do processamento de registro
[12-May-2025 10:48:06 UTC] POST recebido: Array
(
    [nome] => david
    [email] => davidfloresmacieira@gmail.com
    [password] => testeE1234
    [telefone] => 919241169
    [documento] => 2312313
    [aceitar_termos] => on
    [csrf_token] => 44c5d5232dca7661651b2dd20db36a23df974a74dc657edafcdc5990915ef35f
)

[12-May-2025 10:48:16 UTC] Início do processamento de registro
[12-May-2025 10:48:16 UTC] POST recebido: Array
(
    [nome] => david
    [email] => davidfloresmacieira@gmail.com
    [password] => testeE1234
    [telefone] => 919241169
    [documento] => 2312313
    [aceitar_termos] => on
    [csrf_token] => 44c5d5232dca7661651b2dd20db36a23df974a74dc657edafcdc5990915ef35f
)

[12-May-2025 10:48:16 UTC] Tentando enviar email para davidfloresmacieira@gmail.com...
[12-May-2025 10:48:17 UTC] PHPMailer (2): SERVER -> CLIENT: 220 smtp.gmail.com ESMTP ffacd0b85a97d-3a1f58f2b29sm12208926f8f.53 - gsmtp

[12-May-2025 10:48:17 UTC] PHPMailer (1): CLIENT -> SERVER: EHLO localhost

[12-May-2025 10:48:17 UTC] PHPMailer (2): SERVER -> CLIENT: 250-smtp.gmail.com at your service, [89.114.76.161]
250-SIZE 35882577
250-8BITMIME
250-STARTTLS
250-ENHANCEDSTATUSCODES
250-PIPELINING
250-CHUNKING
250 SMTPUTF8

[12-May-2025 10:48:17 UTC] PHPMailer (1): CLIENT -> SERVER: STARTTLS

[12-May-2025 10:48:17 UTC] PHPMailer (2): SERVER -> CLIENT: 220 2.0.0 Ready to start TLS

[12-May-2025 10:48:17 UTC] PHPMailer (1): CLIENT -> SERVER: EHLO localhost

[12-May-2025 10:48:17 UTC] PHPMailer (2): SERVER -> CLIENT: 250-smtp.gmail.com at your service, [89.114.76.161]
250-SIZE 35882577
250-8BITMIME
250-AUTH LOGIN PLAIN XOAUTH2 PLAIN-CLIENTTOKEN OAUTHBEARER XOAUTH
250-ENHANCEDSTATUSCODES
250-PIPELINING
250-CHUNKING
250 SMTPUTF8

[12-May-2025 10:48:17 UTC] PHPMailer (1): CLIENT -> SERVER: AUTH LOGIN

[12-May-2025 10:48:17 UTC] PHPMailer (2): SERVER -> CLIENT: 334 VXNlcm5hbWU6

[12-May-2025 10:48:17 UTC] PHPMailer (1): CLIENT -> SERVER: [credentials hidden]
[12-May-2025 10:48:17 UTC] PHPMailer (2): SERVER -> CLIENT: 334 UGFzc3dvcmQ6

[12-May-2025 10:48:17 UTC] PHPMailer (1): CLIENT -> SERVER: [credentials hidden]
[12-May-2025 10:48:17 UTC] PHPMailer (2): SERVER -> CLIENT: 535-5.7.8 Username and Password not accepted. For more information, go to
535 5.7.8  https://support.google.com/mail/?p=BadCredentials ffacd0b85a97d-3a1f58f2b29sm12208926f8f.53 - gsmtp

[12-May-2025 10:48:17 UTC] PHPMailer (1): SMTP ERROR: Password command failed: 535-5.7.8 Username and Password not accepted. For more information, go to
535 5.7.8  https://support.google.com/mail/?p=BadCredentials ffacd0b85a97d-3a1f58f2b29sm12208926f8f.53 - gsmtp

[12-May-2025 10:48:17 UTC] PHPMailer (2): SMTP Error: Could not authenticate.
[12-May-2025 10:48:17 UTC] PHPMailer (1): CLIENT -> SERVER: QUIT

[12-May-2025 10:48:17 UTC] PHPMailer (2): SERVER -> CLIENT: 221 2.0.0 closing connection ffacd0b85a97d-3a1f58f2b29sm12208926f8f.53 - gsmtp

[12-May-2025 10:48:17 UTC] PHPMailer (2): SMTP Error: Could not authenticate.
[12-May-2025 10:48:17 UTC] FALHA ao enviar email: SMTP Error: Could not authenticate.
[12-May-2025 10:48:17 UTC] Detalhes PHPMailer: SMTP Error: Could not authenticate.
[12-May-2025 10:48:39 UTC] Início do processamento de registro
[12-May-2025 10:48:39 UTC] POST recebido: Array
(
    [nome] => david
    [email] => davidfloresmacieira@gmail.com
    [password] => teste1234R
    [telefone] => 919241169
    [documento] => 2312313
    [aceitar_termos] => on
    [csrf_token] => 44c5d5232dca7661651b2dd20db36a23df974a74dc657edafcdc5990915ef35f
)

[12-May-2025 10:49:09 UTC] Início do processamento de registro
[12-May-2025 10:49:09 UTC] POST recebido: Array
(
    [nome] => david
    [email] => davidfloresmacieira@gmail.com
    [password] => Davider24352
    [telefone] => 919241169
    [documento] => 621572121
    [aceitar_termos] => on
    [csrf_token] => 44c5d5232dca7661651b2dd20db36a23df974a74dc657edafcdc5990915ef35f
)

[12-May-2025 10:49:09 UTC] Tentando enviar email para davidfloresmacieira@gmail.com...
[12-May-2025 10:49:09 UTC] PHPMailer (2): SERVER -> CLIENT: 220 smtp.gmail.com ESMTP ffacd0b85a97d-3a1f5a4c5f6sm11975875f8f.86 - gsmtp

[12-May-2025 10:49:09 UTC] PHPMailer (1): CLIENT -> SERVER: EHLO localhost

[12-May-2025 10:49:09 UTC] PHPMailer (2): SERVER -> CLIENT: 250-smtp.gmail.com at your service, [89.114.76.161]
250-SIZE 35882577
250-8BITMIME
250-STARTTLS
250-ENHANCEDSTATUSCODES
250-PIPELINING
250-CHUNKING
250 SMTPUTF8

[12-May-2025 10:49:09 UTC] PHPMailer (1): CLIENT -> SERVER: STARTTLS

[12-May-2025 10:49:09 UTC] PHPMailer (2): SERVER -> CLIENT: 220 2.0.0 Ready to start TLS

[12-May-2025 10:49:09 UTC] PHPMailer (1): CLIENT -> SERVER: EHLO localhost

[12-May-2025 10:49:09 UTC] PHPMailer (2): SERVER -> CLIENT: 250-smtp.gmail.com at your service, [89.114.76.161]
250-SIZE 35882577
250-8BITMIME
250-AUTH LOGIN PLAIN XOAUTH2 PLAIN-CLIENTTOKEN OAUTHBEARER XOAUTH
250-ENHANCEDSTATUSCODES
250-PIPELINING
250-CHUNKING
250 SMTPUTF8

[12-May-2025 10:49:09 UTC] PHPMailer (1): CLIENT -> SERVER: AUTH LOGIN

[12-May-2025 10:49:09 UTC] PHPMailer (2): SERVER -> CLIENT: 334 VXNlcm5hbWU6

[12-May-2025 10:49:09 UTC] PHPMailer (1): CLIENT -> SERVER: [credentials hidden]
[12-May-2025 10:49:09 UTC] PHPMailer (2): SERVER -> CLIENT: 334 UGFzc3dvcmQ6

[12-May-2025 10:49:09 UTC] PHPMailer (1): CLIENT -> SERVER: [credentials hidden]
[12-May-2025 10:49:10 UTC] PHPMailer (2): SERVER -> CLIENT: 535-5.7.8 Username and Password not accepted. For more information, go to
535 5.7.8  https://support.google.com/mail/?p=BadCredentials ffacd0b85a97d-3a1f5a4c5f6sm11975875f8f.86 - gsmtp

[12-May-2025 10:49:10 UTC] PHPMailer (1): SMTP ERROR: Password command failed: 535-5.7.8 Username and Password not accepted. For more information, go to
535 5.7.8  https://support.google.com/mail/?p=BadCredentials ffacd0b85a97d-3a1f5a4c5f6sm11975875f8f.86 - gsmtp

[12-May-2025 10:49:10 UTC] PHPMailer (2): SMTP Error: Could not authenticate.
[12-May-2025 10:49:10 UTC] PHPMailer (1): CLIENT -> SERVER: QUIT

[12-May-2025 10:49:10 UTC] PHPMailer (2): SERVER -> CLIENT: 221 2.0.0 closing connection ffacd0b85a97d-3a1f5a4c5f6sm11975875f8f.86 - gsmtp

[12-May-2025 10:49:10 UTC] PHPMailer (2): SMTP Error: Could not authenticate.
[12-May-2025 10:49:10 UTC] FALHA ao enviar email: SMTP Error: Could not authenticate.
[12-May-2025 10:49:10 UTC] Detalhes PHPMailer: SMTP Error: Could not authenticate.
[12-May-2025 10:56:42 UTC] Início do processamento de registro
[12-May-2025 10:56:54 UTC] Início do processamento de registro
[12-May-2025 11:02:42 UTC] Início do processamento de registro
[12-May-2025 11:02:42 UTC] POST recebido: Array
(
    [nome] => david
    [email] => davidfloresmacieira@gmail.com
    [password] => Teste1234
    [telefone] => 919241169
    [documento] => 322321312
    [aceitar_termos] => on
    [csrf_token] => 44c5d5232dca7661651b2dd20db36a23df974a74dc657edafcdc5990915ef35f
)

[12-May-2025 11:02:42 UTC] Tentando enviar email para davidfloresmacieira@gmail.com...
[12-May-2025 11:02:42 UTC] PHPMailer (2): SERVER -> CLIENT: 220 smtp.gmail.com ESMTP ffacd0b85a97d-3a1f58f28f7sm11939277f8f.41 - gsmtp

[12-May-2025 11:02:42 UTC] PHPMailer (1): CLIENT -> SERVER: EHLO localhost

[12-May-2025 11:02:42 UTC] PHPMailer (2): SERVER -> CLIENT: 250-smtp.gmail.com at your service, [89.114.76.161]
250-SIZE 35882577
250-8BITMIME
250-STARTTLS
250-ENHANCEDSTATUSCODES
250-PIPELINING
250-CHUNKING
250 SMTPUTF8

[12-May-2025 11:02:42 UTC] PHPMailer (1): CLIENT -> SERVER: STARTTLS

[12-May-2025 11:02:42 UTC] PHPMailer (2): SERVER -> CLIENT: 220 2.0.0 Ready to start TLS

[12-May-2025 11:02:42 UTC] PHPMailer (1): CLIENT -> SERVER: EHLO localhost

[12-May-2025 11:02:42 UTC] PHPMailer (2): SERVER -> CLIENT: 250-smtp.gmail.com at your service, [89.114.76.161]
250-SIZE 35882577
250-8BITMIME
250-AUTH LOGIN PLAIN XOAUTH2 PLAIN-CLIENTTOKEN OAUTHBEARER XOAUTH
250-ENHANCEDSTATUSCODES
250-PIPELINING
250-CHUNKING
250 SMTPUTF8

[12-May-2025 11:02:42 UTC] PHPMailer (1): CLIENT -> SERVER: AUTH LOGIN

[12-May-2025 11:02:42 UTC] PHPMailer (2): SERVER -> CLIENT: 334 VXNlcm5hbWU6

[12-May-2025 11:02:42 UTC] PHPMailer (1): CLIENT -> SERVER: [credentials hidden]
[12-May-2025 11:02:42 UTC] PHPMailer (2): SERVER -> CLIENT: 334 UGFzc3dvcmQ6

[12-May-2025 11:02:42 UTC] PHPMailer (1): CLIENT -> SERVER: [credentials hidden]
[12-May-2025 11:02:43 UTC] PHPMailer (2): SERVER -> CLIENT: 235 2.7.0 Accepted

[12-May-2025 11:02:43 UTC] PHPMailer (1): CLIENT -> SERVER: MAIL FROM:<quinta.flores2019@gmail.com>

[12-May-2025 11:02:43 UTC] PHPMailer (2): SERVER -> CLIENT: 250 2.1.0 OK ffacd0b85a97d-3a1f58f28f7sm11939277f8f.41 - gsmtp

[12-May-2025 11:02:43 UTC] PHPMailer (1): CLIENT -> SERVER: RCPT TO:<davidfloresmacieira@gmail.com>

[12-May-2025 11:02:43 UTC] PHPMailer (2): SERVER -> CLIENT: 250 2.1.5 OK ffacd0b85a97d-3a1f58f28f7sm11939277f8f.41 - gsmtp

[12-May-2025 11:02:43 UTC] PHPMailer (1): CLIENT -> SERVER: DATA

[12-May-2025 11:02:43 UTC] PHPMailer (2): SERVER -> CLIENT: 354 Go ahead ffacd0b85a97d-3a1f58f28f7sm11939277f8f.41 - gsmtp

[12-May-2025 11:02:43 UTC] PHPMailer (1): CLIENT -> SERVER: Date: Mon, 12 May 2025 11:02:42 +0000

[12-May-2025 11:02:43 UTC] PHPMailer (1): CLIENT -> SERVER: To: davidfloresmacieira@gmail.com

[12-May-2025 11:02:43 UTC] PHPMailer (1): CLIENT -> SERVER: From: Quinta Flores <quinta.flores2019@gmail.com>

[12-May-2025 11:02:43 UTC] PHPMailer (1): CLIENT -> SERVER: Subject: Verifique seu email - Quinta Flores

[12-May-2025 11:02:43 UTC] PHPMailer (1): CLIENT -> SERVER: Message-ID: <Xit6vhVX6M4Y4SyPxREbXJfKGv3m2oRVp3UUQ2N37vw@localhost>

[12-May-2025 11:02:43 UTC] PHPMailer (1): CLIENT -> SERVER: X-Mailer: PHPMailer 6.9.3 (https://github.com/PHPMailer/PHPMailer)

[12-May-2025 11:02:43 UTC] PHPMailer (1): CLIENT -> SERVER: MIME-Version: 1.0

[12-May-2025 11:02:43 UTC] PHPMailer (1): CLIENT -> SERVER: Content-Type: text/html; charset=UTF-8

[12-May-2025 11:02:43 UTC] PHPMailer (1): CLIENT -> SERVER: Content-Transfer-Encoding: 8bit

[12-May-2025 11:02:43 UTC] PHPMailer (1): CLIENT -> SERVER: 

[12-May-2025 11:02:43 UTC] PHPMailer (1): CLIENT -> SERVER: <h2>Bem-vindo à Quinta Flores!</h2>

[12-May-2025 11:02:43 UTC] PHPMailer (1): CLIENT -> SERVER:                 <p>Obrigado por se registrar. Por favor, clique no link abaixo para verificar seu email:</p>

[12-May-2025 11:02:43 UTC] PHPMailer (1): CLIENT -> SERVER:                 <p><a href='http://localhost:8080/PAP/login/verify.php?token=fa571e162053ba4ad1beb07559a0d12640758d46c5240c609cd57925005df695'>Verificar Email</a></p>

[12-May-2025 11:02:43 UTC] PHPMailer (1): CLIENT -> SERVER:                 <p>Se você não se registrou, ignore este email.</p>

[12-May-2025 11:02:43 UTC] PHPMailer (1): CLIENT -> SERVER: 

[12-May-2025 11:02:43 UTC] PHPMailer (1): CLIENT -> SERVER: .

[12-May-2025 11:02:44 UTC] PHPMailer (2): SERVER -> CLIENT: 250 2.0.0 OK  1747047764 ffacd0b85a97d-3a1f58f28f7sm11939277f8f.41 - gsmtp

[12-May-2025 11:02:44 UTC] PHPMailer (1): CLIENT -> SERVER: QUIT

[12-May-2025 11:02:44 UTC] PHPMailer (2): SERVER -> CLIENT: 221 2.0.0 closing connection ffacd0b85a97d-3a1f58f28f7sm11939277f8f.41 - gsmtp

[12-May-2025 11:02:44 UTC] Email enviado com sucesso para davidfloresmacieira@gmail.com
[12-May-2025 11:14:18 UTC] Início do processamento de registro
[12-May-2025 11:14:18 UTC] POST recebido: Array
(
    [nome] => david
    [email] => davidfloresmacieira@gmail.com
    [password] => David12345
    [telefone] => 919241169
    [documento] => 3213231
    [aceitar_termos] => on
    [csrf_token] => 44c5d5232dca7661651b2dd20db36a23df974a74dc657edafcdc5990915ef35f
)

[12-May-2025 11:14:18 UTC] Tentando enviar email para davidfloresmacieira@gmail.com...
[12-May-2025 11:14:18 UTC] PHPMailer (2): SERVER -> CLIENT: 220 smtp.gmail.com ESMTP ffacd0b85a97d-3a1f5a4d0dbsm11931972f8f.88 - gsmtp

[12-May-2025 11:14:18 UTC] PHPMailer (1): CLIENT -> SERVER: EHLO localhost

[12-May-2025 11:14:18 UTC] PHPMailer (2): SERVER -> CLIENT: 250-smtp.gmail.com at your service, [89.114.76.161]
250-SIZE 35882577
250-8BITMIME
250-STARTTLS
250-ENHANCEDSTATUSCODES
250-PIPELINING
250-CHUNKING
250 SMTPUTF8

[12-May-2025 11:14:18 UTC] PHPMailer (1): CLIENT -> SERVER: STARTTLS

[12-May-2025 11:14:18 UTC] PHPMailer (2): SERVER -> CLIENT: 220 2.0.0 Ready to start TLS

[12-May-2025 11:14:18 UTC] PHPMailer (1): CLIENT -> SERVER: EHLO localhost

[12-May-2025 11:14:19 UTC] PHPMailer (2): SERVER -> CLIENT: 250-smtp.gmail.com at your service, [89.114.76.161]
250-SIZE 35882577
250-8BITMIME
250-AUTH LOGIN PLAIN XOAUTH2 PLAIN-CLIENTTOKEN OAUTHBEARER XOAUTH
250-ENHANCEDSTATUSCODES
250-PIPELINING
250-CHUNKING
250 SMTPUTF8

[12-May-2025 11:14:19 UTC] PHPMailer (1): CLIENT -> SERVER: AUTH LOGIN

[12-May-2025 11:14:19 UTC] PHPMailer (2): SERVER -> CLIENT: 334 VXNlcm5hbWU6

[12-May-2025 11:14:19 UTC] PHPMailer (1): CLIENT -> SERVER: [credentials hidden]
[12-May-2025 11:14:19 UTC] PHPMailer (2): SERVER -> CLIENT: 334 UGFzc3dvcmQ6

[12-May-2025 11:14:19 UTC] PHPMailer (1): CLIENT -> SERVER: [credentials hidden]
[12-May-2025 11:14:19 UTC] PHPMailer (2): SERVER -> CLIENT: 235 2.7.0 Accepted

[12-May-2025 11:14:19 UTC] PHPMailer (1): CLIENT -> SERVER: MAIL FROM:<quinta.flores2019@gmail.com>

[12-May-2025 11:14:19 UTC] PHPMailer (2): SERVER -> CLIENT: 250 2.1.0 OK ffacd0b85a97d-3a1f5a4d0dbsm11931972f8f.88 - gsmtp

[12-May-2025 11:14:19 UTC] PHPMailer (1): CLIENT -> SERVER: RCPT TO:<davidfloresmacieira@gmail.com>

[12-May-2025 11:14:19 UTC] Início do processamento de registro
[12-May-2025 11:14:19 UTC] PHPMailer (2): SERVER -> CLIENT: 250 2.1.5 OK ffacd0b85a97d-3a1f5a4d0dbsm11931972f8f.88 - gsmtp

[12-May-2025 11:14:19 UTC] PHPMailer (1): CLIENT -> SERVER: DATA

[12-May-2025 11:14:19 UTC] PHPMailer (2): SERVER -> CLIENT: 354 Go ahead ffacd0b85a97d-3a1f5a4d0dbsm11931972f8f.88 - gsmtp

[12-May-2025 11:14:19 UTC] PHPMailer (1): CLIENT -> SERVER: Date: Mon, 12 May 2025 11:14:18 +0000

[12-May-2025 11:14:19 UTC] PHPMailer (1): CLIENT -> SERVER: To: davidfloresmacieira@gmail.com

[12-May-2025 11:14:19 UTC] PHPMailer (1): CLIENT -> SERVER: From: Quinta Flores <quinta.flores2019@gmail.com>

[12-May-2025 11:14:19 UTC] PHPMailer (1): CLIENT -> SERVER: Subject: Verifique seu email - Quinta Flores

[12-May-2025 11:14:19 UTC] PHPMailer (1): CLIENT -> SERVER: Message-ID: <0lVmid7UzURVPEBuRcSLOVxO9buZIOCBFwvVST8MM@localhost>

[12-May-2025 11:14:19 UTC] PHPMailer (1): CLIENT -> SERVER: X-Mailer: PHPMailer 6.9.3 (https://github.com/PHPMailer/PHPMailer)

[12-May-2025 11:14:19 UTC] PHPMailer (1): CLIENT -> SERVER: MIME-Version: 1.0

[12-May-2025 11:14:19 UTC] PHPMailer (1): CLIENT -> SERVER: Content-Type: text/html; charset=UTF-8

[12-May-2025 11:14:19 UTC] PHPMailer (1): CLIENT -> SERVER: Content-Transfer-Encoding: 8bit

[12-May-2025 11:14:19 UTC] PHPMailer (1): CLIENT -> SERVER: 

[12-May-2025 11:14:19 UTC] PHPMailer (1): CLIENT -> SERVER: <h2>Bem-vindo à Quinta Flores!</h2>

[12-May-2025 11:14:19 UTC] PHPMailer (1): CLIENT -> SERVER:                 <p>A sua conta foi criada com sucesso! Obrigado por se registar. Por favor, clique no link abaixo para verificar seu email:</p>

[12-May-2025 11:14:19 UTC] PHPMailer (1): CLIENT -> SERVER:                 <p><a href='verify.php'>Verificar Email</a></p>

[12-May-2025 11:14:19 UTC] PHPMailer (1): CLIENT -> SERVER: 

[12-May-2025 11:14:19 UTC] PHPMailer (1): CLIENT -> SERVER: .

[12-May-2025 11:14:20 UTC] PHPMailer (2): SERVER -> CLIENT: 250 2.0.0 OK  1747048460 ffacd0b85a97d-3a1f5a4d0dbsm11931972f8f.88 - gsmtp

[12-May-2025 11:14:20 UTC] PHPMailer (1): CLIENT -> SERVER: QUIT

[12-May-2025 11:14:20 UTC] PHPMailer (2): SERVER -> CLIENT: 221 2.0.0 closing connection ffacd0b85a97d-3a1f5a4d0dbsm11931972f8f.88 - gsmtp

[12-May-2025 11:14:20 UTC] Email enviado com sucesso para davidfloresmacieira@gmail.com
[12-May-2025 11:14:20 UTC] POST recebido: Array
(
    [nome] => david
    [email] => davidfloresmacieira@gmail.com
    [password] => David12345
    [telefone] => 919241169
    [documento] => 3213231
    [aceitar_termos] => on
    [csrf_token] => 44c5d5232dca7661651b2dd20db36a23df974a74dc657edafcdc5990915ef35f
)

[12-May-2025 11:18:25 UTC] Início do processamento de registro
[12-May-2025 11:18:25 UTC] POST recebido: Array
(
    [nome] => david
    [email] => davidfloresmacieira@gmail.com
    [password] => David12345
    [telefone] => 919241169
    [documento] => 4324234
    [aceitar_termos] => on
    [csrf_token] => 44c5d5232dca7661651b2dd20db36a23df974a74dc657edafcdc5990915ef35f
)

[12-May-2025 11:18:25 UTC] Erro no registro: Field 'H_token_verificacao' doesn't have a default value
[12-May-2025 11:18:41 UTC] Início do processamento de registro
[12-May-2025 11:18:41 UTC] POST recebido: Array
(
    [nome] => david
    [email] => davidfloresmacieira@gmail.com
    [password] => David12345
    [telefone] => 919241169
    [documento] => 123456789
    [aceitar_termos] => on
    [csrf_token] => 44c5d5232dca7661651b2dd20db36a23df974a74dc657edafcdc5990915ef35f
)

[12-May-2025 11:18:41 UTC] Erro no registro: Field 'H_token_verificacao' doesn't have a default value
[12-May-2025 11:19:19 UTC] Início do processamento de registro
[12-May-2025 11:19:19 UTC] POST recebido: Array
(
    [nome] => david
    [email] => davidfloresmacieira@gmail.com
    [password] => Teste11234
    [telefone] => 919241169
    [documento] => 4324234
    [aceitar_termos] => on
    [csrf_token] => 44c5d5232dca7661651b2dd20db36a23df974a74dc657edafcdc5990915ef35f
)

[12-May-2025 11:19:19 UTC] Erro no registro: Field 'H_token_verificacao' doesn't have a default value
[12-May-2025 11:19:35 UTC] Início do processamento de registro
[12-May-2025 11:19:35 UTC] POST recebido: Array
(
    [nome] => david
    [email] => davidfloresmacieira@gmail.com
    [password] => teste1234T
    [telefone] => 919241169
    [documento] => 4324234
    [aceitar_termos] => on
    [csrf_token] => 44c5d5232dca7661651b2dd20db36a23df974a74dc657edafcdc5990915ef35f
)

[12-May-2025 11:19:35 UTC] Tentando enviar email para davidfloresmacieira@gmail.com...
[12-May-2025 11:19:36 UTC] PHPMailer (2): SERVER -> CLIENT: 220 smtp.gmail.com ESMTP ffacd0b85a97d-3a1f5a4c78fsm12238100f8f.97 - gsmtp

[12-May-2025 11:19:36 UTC] PHPMailer (1): CLIENT -> SERVER: EHLO localhost

[12-May-2025 11:19:36 UTC] PHPMailer (2): SERVER -> CLIENT: 250-smtp.gmail.com at your service, [89.114.76.161]
250-SIZE 35882577
250-8BITMIME
250-STARTTLS
250-ENHANCEDSTATUSCODES
250-PIPELINING
250-CHUNKING
250 SMTPUTF8

[12-May-2025 11:19:36 UTC] PHPMailer (1): CLIENT -> SERVER: STARTTLS

[12-May-2025 11:19:36 UTC] PHPMailer (2): SERVER -> CLIENT: 220 2.0.0 Ready to start TLS

[12-May-2025 11:19:36 UTC] PHPMailer (1): CLIENT -> SERVER: EHLO localhost

[12-May-2025 11:19:36 UTC] PHPMailer (2): SERVER -> CLIENT: 250-smtp.gmail.com at your service, [89.114.76.161]
250-SIZE 35882577
250-8BITMIME
250-AUTH LOGIN PLAIN XOAUTH2 PLAIN-CLIENTTOKEN OAUTHBEARER XOAUTH
250-ENHANCEDSTATUSCODES
250-PIPELINING
250-CHUNKING
250 SMTPUTF8

[12-May-2025 11:19:36 UTC] PHPMailer (1): CLIENT -> SERVER: AUTH LOGIN

[12-May-2025 11:19:36 UTC] PHPMailer (2): SERVER -> CLIENT: 334 VXNlcm5hbWU6

[12-May-2025 11:19:36 UTC] PHPMailer (1): CLIENT -> SERVER: [credentials hidden]
[12-May-2025 11:19:36 UTC] PHPMailer (2): SERVER -> CLIENT: 334 UGFzc3dvcmQ6

[12-May-2025 11:19:36 UTC] PHPMailer (1): CLIENT -> SERVER: [credentials hidden]
[12-May-2025 11:19:36 UTC] PHPMailer (2): SERVER -> CLIENT: 235 2.7.0 Accepted

[12-May-2025 11:19:36 UTC] PHPMailer (1): CLIENT -> SERVER: MAIL FROM:<quinta.flores2019@gmail.com>

[12-May-2025 11:19:36 UTC] PHPMailer (2): SERVER -> CLIENT: 250 2.1.0 OK ffacd0b85a97d-3a1f5a4c78fsm12238100f8f.97 - gsmtp

[12-May-2025 11:19:36 UTC] PHPMailer (1): CLIENT -> SERVER: RCPT TO:<davidfloresmacieira@gmail.com>

[12-May-2025 11:19:36 UTC] PHPMailer (2): SERVER -> CLIENT: 250 2.1.5 OK ffacd0b85a97d-3a1f5a4c78fsm12238100f8f.97 - gsmtp

[12-May-2025 11:19:36 UTC] PHPMailer (1): CLIENT -> SERVER: DATA

[12-May-2025 11:19:37 UTC] PHPMailer (2): SERVER -> CLIENT: 354 Go ahead ffacd0b85a97d-3a1f5a4c78fsm12238100f8f.97 - gsmtp

[12-May-2025 11:19:37 UTC] PHPMailer (1): CLIENT -> SERVER: Date: Mon, 12 May 2025 11:19:35 +0000

[12-May-2025 11:19:37 UTC] PHPMailer (1): CLIENT -> SERVER: To: davidfloresmacieira@gmail.com

[12-May-2025 11:19:37 UTC] PHPMailer (1): CLIENT -> SERVER: From: Quinta Flores <quinta.flores2019@gmail.com>

[12-May-2025 11:19:37 UTC] PHPMailer (1): CLIENT -> SERVER: Subject: Verifique seu email - Quinta Flores

[12-May-2025 11:19:37 UTC] PHPMailer (1): CLIENT -> SERVER: Message-ID: <UqNyy0T9mGsqKMFydUlurzUSE0VWDkr2s7fMAjdx6w@localhost>

[12-May-2025 11:19:37 UTC] PHPMailer (1): CLIENT -> SERVER: X-Mailer: PHPMailer 6.9.3 (https://github.com/PHPMailer/PHPMailer)

[12-May-2025 11:19:37 UTC] PHPMailer (1): CLIENT -> SERVER: MIME-Version: 1.0

[12-May-2025 11:19:37 UTC] PHPMailer (1): CLIENT -> SERVER: Content-Type: text/html; charset=UTF-8

[12-May-2025 11:19:37 UTC] PHPMailer (1): CLIENT -> SERVER: Content-Transfer-Encoding: 8bit

[12-May-2025 11:19:37 UTC] PHPMailer (1): CLIENT -> SERVER: 

[12-May-2025 11:19:37 UTC] PHPMailer (1): CLIENT -> SERVER: <h2>Bem-vindo à Quinta Flores!</h2>

[12-May-2025 11:19:37 UTC] PHPMailer (1): CLIENT -> SERVER:                 <p>A sua conta foi criada com sucesso! Obrigado por se registar. Por favor, clique no link abaixo para verificar seu email:</p>

[12-May-2025 11:19:37 UTC] PHPMailer (1): CLIENT -> SERVER:                 <p><a href='verify.php'>Verificar Email</a></p>

[12-May-2025 11:19:37 UTC] PHPMailer (1): CLIENT -> SERVER: 

[12-May-2025 11:19:37 UTC] PHPMailer (1): CLIENT -> SERVER: .

[12-May-2025 11:19:37 UTC] PHPMailer (2): SERVER -> CLIENT: 250 2.0.0 OK  1747048777 ffacd0b85a97d-3a1f5a4c78fsm12238100f8f.97 - gsmtp

[12-May-2025 11:19:37 UTC] PHPMailer (1): CLIENT -> SERVER: QUIT

[12-May-2025 11:19:37 UTC] PHPMailer (2): SERVER -> CLIENT: 221 2.0.0 closing connection ffacd0b85a97d-3a1f5a4c78fsm12238100f8f.97 - gsmtp

[12-May-2025 11:19:37 UTC] Email enviado com sucesso para davidfloresmacieira@gmail.com
[12-May-2025 11:21:11 UTC] Início do processamento de registro
[12-May-2025 11:21:11 UTC] POST recebido: Array
(
    [nome] => david
    [email] => davidfloresmacieira@gmail.com
    [password] => David1234
    [telefone] => 919241169
    [documento] => 4324234
    [aceitar_termos] => on
    [csrf_token] => 44c5d5232dca7661651b2dd20db36a23df974a74dc657edafcdc5990915ef35f
)

[12-May-2025 11:21:11 UTC] Erro no registro: Field 'H_token_verificacao' doesn't have a default value
[12-May-2025 11:21:32 UTC] Início do processamento de registro
[12-May-2025 11:21:32 UTC] POST recebido: Array
(
    [nome] => david
    [email] => davidfloresmacieira@gmail.com
    [password] => davidD1234
    [telefone] => 919241169
    [documento] => 4324234
    [aceitar_termos] => on
    [csrf_token] => 44c5d5232dca7661651b2dd20db36a23df974a74dc657edafcdc5990915ef35f
)

[12-May-2025 11:21:32 UTC] Tentando enviar email para davidfloresmacieira@gmail.com...
[12-May-2025 11:21:33 UTC] PHPMailer (2): SERVER -> CLIENT: 220 smtp.gmail.com ESMTP ffacd0b85a97d-3a1f5a4c7b2sm12240431f8f.93 - gsmtp

[12-May-2025 11:21:33 UTC] PHPMailer (1): CLIENT -> SERVER: EHLO localhost

[12-May-2025 11:21:33 UTC] PHPMailer (2): SERVER -> CLIENT: 250-smtp.gmail.com at your service, [89.114.76.161]
250-SIZE 35882577
250-8BITMIME
250-STARTTLS
250-ENHANCEDSTATUSCODES
250-PIPELINING
250-CHUNKING
250 SMTPUTF8

[12-May-2025 11:21:33 UTC] PHPMailer (1): CLIENT -> SERVER: STARTTLS

[12-May-2025 11:21:33 UTC] PHPMailer (2): SERVER -> CLIENT: 220 2.0.0 Ready to start TLS

[12-May-2025 11:21:33 UTC] PHPMailer (1): CLIENT -> SERVER: EHLO localhost

[12-May-2025 11:21:33 UTC] PHPMailer (2): SERVER -> CLIENT: 250-smtp.gmail.com at your service, [89.114.76.161]
250-SIZE 35882577
250-8BITMIME
250-AUTH LOGIN PLAIN XOAUTH2 PLAIN-CLIENTTOKEN OAUTHBEARER XOAUTH
250-ENHANCEDSTATUSCODES
250-PIPELINING
250-CHUNKING
250 SMTPUTF8

[12-May-2025 11:21:33 UTC] PHPMailer (1): CLIENT -> SERVER: AUTH LOGIN

[12-May-2025 11:21:33 UTC] PHPMailer (2): SERVER -> CLIENT: 334 VXNlcm5hbWU6

[12-May-2025 11:21:33 UTC] PHPMailer (1): CLIENT -> SERVER: [credentials hidden]
[12-May-2025 11:21:33 UTC] PHPMailer (2): SERVER -> CLIENT: 334 UGFzc3dvcmQ6

[12-May-2025 11:21:33 UTC] PHPMailer (1): CLIENT -> SERVER: [credentials hidden]
[12-May-2025 11:21:33 UTC] PHPMailer (2): SERVER -> CLIENT: 235 2.7.0 Accepted

[12-May-2025 11:21:33 UTC] PHPMailer (1): CLIENT -> SERVER: MAIL FROM:<quinta.flores2019@gmail.com>

[12-May-2025 11:21:33 UTC] Início do processamento de registro
[12-May-2025 11:21:33 UTC] PHPMailer (2): SERVER -> CLIENT: 250 2.1.0 OK ffacd0b85a97d-3a1f5a4c7b2sm12240431f8f.93 - gsmtp

[12-May-2025 11:21:33 UTC] PHPMailer (1): CLIENT -> SERVER: RCPT TO:<davidfloresmacieira@gmail.com>

[12-May-2025 11:21:33 UTC] PHPMailer (2): SERVER -> CLIENT: 250 2.1.5 OK ffacd0b85a97d-3a1f5a4c7b2sm12240431f8f.93 - gsmtp

[12-May-2025 11:21:33 UTC] PHPMailer (1): CLIENT -> SERVER: DATA

[12-May-2025 11:21:34 UTC] PHPMailer (2): SERVER -> CLIENT: 354 Go ahead ffacd0b85a97d-3a1f5a4c7b2sm12240431f8f.93 - gsmtp

[12-May-2025 11:21:34 UTC] PHPMailer (1): CLIENT -> SERVER: Date: Mon, 12 May 2025 11:21:32 +0000

[12-May-2025 11:21:34 UTC] PHPMailer (1): CLIENT -> SERVER: To: davidfloresmacieira@gmail.com

[12-May-2025 11:21:34 UTC] PHPMailer (1): CLIENT -> SERVER: From: Quinta Flores <quinta.flores2019@gmail.com>

[12-May-2025 11:21:34 UTC] PHPMailer (1): CLIENT -> SERVER: Subject: Verifique seu email - Quinta Flores

[12-May-2025 11:21:34 UTC] PHPMailer (1): CLIENT -> SERVER: Message-ID: <15AxBoQSScUHAtaVJYU6IvNWRVegJYTfFQg3MzQR0@localhost>

[12-May-2025 11:21:34 UTC] PHPMailer (1): CLIENT -> SERVER: X-Mailer: PHPMailer 6.9.3 (https://github.com/PHPMailer/PHPMailer)

[12-May-2025 11:21:34 UTC] PHPMailer (1): CLIENT -> SERVER: MIME-Version: 1.0

[12-May-2025 11:21:34 UTC] PHPMailer (1): CLIENT -> SERVER: Content-Type: text/html; charset=UTF-8

[12-May-2025 11:21:34 UTC] PHPMailer (1): CLIENT -> SERVER: Content-Transfer-Encoding: 8bit

[12-May-2025 11:21:34 UTC] PHPMailer (1): CLIENT -> SERVER: 

[12-May-2025 11:21:34 UTC] PHPMailer (1): CLIENT -> SERVER: <h2>Bem-vindo à Quinta Flores!</h2>

[12-May-2025 11:21:34 UTC] PHPMailer (1): CLIENT -> SERVER:                 <p>A sua conta foi criada com sucesso! Obrigado por se registar. Por favor, clique no link abaixo para verificar seu email:</p>

[12-May-2025 11:21:34 UTC] PHPMailer (1): CLIENT -> SERVER:                 <p><a href='verify.php'>Verificar Email</a></p>

[12-May-2025 11:21:34 UTC] PHPMailer (1): CLIENT -> SERVER: 

[12-May-2025 11:21:34 UTC] PHPMailer (1): CLIENT -> SERVER: .

[12-May-2025 11:21:34 UTC] PHPMailer (2): SERVER -> CLIENT: 250 2.0.0 OK  1747048894 ffacd0b85a97d-3a1f5a4c7b2sm12240431f8f.93 - gsmtp

[12-May-2025 11:21:34 UTC] PHPMailer (1): CLIENT -> SERVER: QUIT

[12-May-2025 11:21:34 UTC] PHPMailer (2): SERVER -> CLIENT: 221 2.0.0 closing connection ffacd0b85a97d-3a1f5a4c7b2sm12240431f8f.93 - gsmtp

[12-May-2025 11:21:34 UTC] Email enviado com sucesso para davidfloresmacieira@gmail.com
[12-May-2025 11:21:34 UTC] POST recebido: Array
(
    [nome] => david
    [email] => davidfloresmacieira@gmail.com
    [password] => davidD1234
    [telefone] => 919241169
    [documento] => 4324234
    [aceitar_termos] => on
    [csrf_token] => 44c5d5232dca7661651b2dd20db36a23df974a74dc657edafcdc5990915ef35f
)

[12-May-2025 11:24:11 UTC] Início do processamento de registro
[12-May-2025 11:24:11 UTC] POST recebido: Array
(
    [nome] => david
    [email] => davidfloresmacieira@gmail.com
    [password] => David1234
    [telefone] => 919241169
    [documento] => 4324234
    [aceitar_termos] => on
    [csrf_token] => 44c5d5232dca7661651b2dd20db36a23df974a74dc657edafcdc5990915ef35f
)

[12-May-2025 11:24:11 UTC] Tentando enviar email para davidfloresmacieira@gmail.com...
[12-May-2025 11:24:13 UTC] PHPMailer (2): SERVER -> CLIENT: 220 smtp.gmail.com ESMTP 5b1f17b1804b1-442d773f794sm81609355e9.0 - gsmtp

[12-May-2025 11:24:13 UTC] PHPMailer (1): CLIENT -> SERVER: EHLO localhost

[12-May-2025 11:24:13 UTC] PHPMailer (2): SERVER -> CLIENT: 250-smtp.gmail.com at your service, [89.114.76.161]
250-SIZE 35882577
250-8BITMIME
250-STARTTLS
250-ENHANCEDSTATUSCODES
250-PIPELINING
250-CHUNKING
250 SMTPUTF8

[12-May-2025 11:24:13 UTC] PHPMailer (1): CLIENT -> SERVER: STARTTLS

[12-May-2025 11:24:13 UTC] PHPMailer (2): SERVER -> CLIENT: 220 2.0.0 Ready to start TLS

[12-May-2025 11:24:13 UTC] PHPMailer (1): CLIENT -> SERVER: EHLO localhost

[12-May-2025 11:24:14 UTC] PHPMailer (2): SERVER -> CLIENT: 250-smtp.gmail.com at your service, [89.114.76.161]
250-SIZE 35882577
250-8BITMIME
250-AUTH LOGIN PLAIN XOAUTH2 PLAIN-CLIENTTOKEN OAUTHBEARER XOAUTH
250-ENHANCEDSTATUSCODES
250-PIPELINING
250-CHUNKING
250 SMTPUTF8

[12-May-2025 11:24:14 UTC] PHPMailer (1): CLIENT -> SERVER: AUTH LOGIN

[12-May-2025 11:24:14 UTC] PHPMailer (2): SERVER -> CLIENT: 334 VXNlcm5hbWU6

[12-May-2025 11:24:14 UTC] PHPMailer (1): CLIENT -> SERVER: [credentials hidden]
[12-May-2025 11:24:14 UTC] Início do processamento de registro
[12-May-2025 11:24:14 UTC] PHPMailer (2): SERVER -> CLIENT: 334 UGFzc3dvcmQ6

[12-May-2025 11:24:14 UTC] PHPMailer (1): CLIENT -> SERVER: [credentials hidden]
[12-May-2025 11:24:15 UTC] PHPMailer (2): SERVER -> CLIENT: 235 2.7.0 Accepted

[12-May-2025 11:24:15 UTC] PHPMailer (1): CLIENT -> SERVER: MAIL FROM:<quinta.flores2019@gmail.com>

[12-May-2025 11:24:15 UTC] PHPMailer (2): SERVER -> CLIENT: 250 2.1.0 OK 5b1f17b1804b1-442d773f794sm81609355e9.0 - gsmtp

[12-May-2025 11:24:15 UTC] PHPMailer (1): CLIENT -> SERVER: RCPT TO:<davidfloresmacieira@gmail.com>

[12-May-2025 11:24:15 UTC] PHPMailer (2): SERVER -> CLIENT: 250 2.1.5 OK 5b1f17b1804b1-442d773f794sm81609355e9.0 - gsmtp

[12-May-2025 11:24:15 UTC] PHPMailer (1): CLIENT -> SERVER: DATA

[12-May-2025 11:24:15 UTC] PHPMailer (2): SERVER -> CLIENT: 354 Go ahead 5b1f17b1804b1-442d773f794sm81609355e9.0 - gsmtp

[12-May-2025 11:24:15 UTC] PHPMailer (1): CLIENT -> SERVER: Date: Mon, 12 May 2025 11:24:11 +0000

[12-May-2025 11:24:15 UTC] PHPMailer (1): CLIENT -> SERVER: To: davidfloresmacieira@gmail.com

[12-May-2025 11:24:15 UTC] PHPMailer (1): CLIENT -> SERVER: From: Quinta Flores <quinta.flores2019@gmail.com>

[12-May-2025 11:24:15 UTC] PHPMailer (1): CLIENT -> SERVER: Subject: Verifique seu email - Quinta Flores

[12-May-2025 11:24:15 UTC] PHPMailer (1): CLIENT -> SERVER: Message-ID: <7UCUhyNSzmq31GTwuDiEwdlgadevjprnSqYLkpjuI@localhost>

[12-May-2025 11:24:15 UTC] PHPMailer (1): CLIENT -> SERVER: X-Mailer: PHPMailer 6.9.3 (https://github.com/PHPMailer/PHPMailer)

[12-May-2025 11:24:15 UTC] PHPMailer (1): CLIENT -> SERVER: MIME-Version: 1.0

[12-May-2025 11:24:15 UTC] PHPMailer (1): CLIENT -> SERVER: Content-Type: text/html; charset=UTF-8

[12-May-2025 11:24:15 UTC] PHPMailer (1): CLIENT -> SERVER: Content-Transfer-Encoding: 8bit

[12-May-2025 11:24:15 UTC] PHPMailer (1): CLIENT -> SERVER: 

[12-May-2025 11:24:15 UTC] PHPMailer (1): CLIENT -> SERVER: <h2>Bem-vindo à Quinta Flores!</h2>

[12-May-2025 11:24:15 UTC] PHPMailer (1): CLIENT -> SERVER:                 <p>A sua conta foi criada com sucesso! Obrigado por se registar. Por favor, clique no link abaixo para verificar seu email:</p>

[12-May-2025 11:24:15 UTC] PHPMailer (1): CLIENT -> SERVER:                 <p><a href='verify.php'>Verificar Email</a></p>

[12-May-2025 11:24:15 UTC] PHPMailer (1): CLIENT -> SERVER: 

[12-May-2025 11:24:15 UTC] PHPMailer (1): CLIENT -> SERVER: .

[12-May-2025 11:24:15 UTC] PHPMailer (2): SERVER -> CLIENT: 250 2.0.0 OK  1747049055 5b1f17b1804b1-442d773f794sm81609355e9.0 - gsmtp

[12-May-2025 11:24:15 UTC] PHPMailer (1): CLIENT -> SERVER: QUIT

[12-May-2025 11:24:15 UTC] PHPMailer (2): SERVER -> CLIENT: 221 2.0.0 closing connection 5b1f17b1804b1-442d773f794sm81609355e9.0 - gsmtp

[12-May-2025 11:24:15 UTC] Email enviado com sucesso para davidfloresmacieira@gmail.com
[12-May-2025 11:24:16 UTC] POST recebido: Array
(
    [nome] => david
    [email] => davidfloresmacieira@gmail.com
    [password] => David1234
    [telefone] => 919241169
    [documento] => 4324234
    [aceitar_termos] => on
    [csrf_token] => 44c5d5232dca7661651b2dd20db36a23df974a74dc657edafcdc5990915ef35f
)

[12-May-2025 13:48:00 UTC] Início do processamento de registro
[12-May-2025 13:48:00 UTC] POST recebido: Array
(
    [nome] => david
    [email] => davidfloresmacieira@gmail.com
    [password] => David1234
    [telefone] => 919241169
    [documento] => 4324234
    [aceitar_termos] => on
    [csrf_token] => d51fd382993e5c26007031510fc7df6835ccc6c21afd119fc17744e0d44d411d
)

[12-May-2025 13:48:00 UTC] Tentando enviar email para davidfloresmacieira@gmail.com...
[12-May-2025 13:48:01 UTC] PHPMailer (2): SERVER -> CLIENT: 220 smtp.gmail.com ESMTP ffacd0b85a97d-3a1f57dde0esm12734883f8f.18 - gsmtp

[12-May-2025 13:48:01 UTC] PHPMailer (1): CLIENT -> SERVER: EHLO localhost

[12-May-2025 13:48:01 UTC] PHPMailer (2): SERVER -> CLIENT: 250-smtp.gmail.com at your service, [161.230.207.113]
250-SIZE 35882577
250-8BITMIME
250-STARTTLS
250-ENHANCEDSTATUSCODES
250-PIPELINING
250-CHUNKING
250 SMTPUTF8

[12-May-2025 13:48:01 UTC] PHPMailer (1): CLIENT -> SERVER: STARTTLS

[12-May-2025 13:48:01 UTC] PHPMailer (2): SERVER -> CLIENT: 220 2.0.0 Ready to start TLS

[12-May-2025 13:48:01 UTC] PHPMailer (1): CLIENT -> SERVER: EHLO localhost

[12-May-2025 13:48:01 UTC] PHPMailer (2): SERVER -> CLIENT: 250-smtp.gmail.com at your service, [161.230.207.113]
250-SIZE 35882577
250-8BITMIME
250-AUTH LOGIN PLAIN XOAUTH2 PLAIN-CLIENTTOKEN OAUTHBEARER XOAUTH
250-ENHANCEDSTATUSCODES
250-PIPELINING
250-CHUNKING
250 SMTPUTF8

[12-May-2025 13:48:01 UTC] PHPMailer (1): CLIENT -> SERVER: AUTH LOGIN

[12-May-2025 13:48:01 UTC] PHPMailer (2): SERVER -> CLIENT: 334 VXNlcm5hbWU6

[12-May-2025 13:48:01 UTC] PHPMailer (1): CLIENT -> SERVER: [credentials hidden]
[12-May-2025 13:48:01 UTC] PHPMailer (2): SERVER -> CLIENT: 334 UGFzc3dvcmQ6

[12-May-2025 13:48:01 UTC] PHPMailer (1): CLIENT -> SERVER: [credentials hidden]
[12-May-2025 13:48:01 UTC] PHPMailer (2): SERVER -> CLIENT: 235 2.7.0 Accepted

[12-May-2025 13:48:01 UTC] PHPMailer (1): CLIENT -> SERVER: MAIL FROM:<quinta.flores2019@gmail.com>

[12-May-2025 13:48:01 UTC] PHPMailer (2): SERVER -> CLIENT: 250 2.1.0 OK ffacd0b85a97d-3a1f57dde0esm12734883f8f.18 - gsmtp

[12-May-2025 13:48:01 UTC] PHPMailer (1): CLIENT -> SERVER: RCPT TO:<davidfloresmacieira@gmail.com>

[12-May-2025 13:48:01 UTC] PHPMailer (2): SERVER -> CLIENT: 250 2.1.5 OK ffacd0b85a97d-3a1f57dde0esm12734883f8f.18 - gsmtp

[12-May-2025 13:48:01 UTC] PHPMailer (1): CLIENT -> SERVER: DATA

[12-May-2025 13:48:01 UTC] PHPMailer (2): SERVER -> CLIENT: 354 Go ahead ffacd0b85a97d-3a1f57dde0esm12734883f8f.18 - gsmtp

[12-May-2025 13:48:01 UTC] PHPMailer (1): CLIENT -> SERVER: Date: Mon, 12 May 2025 13:48:00 +0000

[12-May-2025 13:48:01 UTC] PHPMailer (1): CLIENT -> SERVER: To: davidfloresmacieira@gmail.com

[12-May-2025 13:48:01 UTC] PHPMailer (1): CLIENT -> SERVER: From: Quinta Flores <quinta.flores2019@gmail.com>

[12-May-2025 13:48:01 UTC] PHPMailer (1): CLIENT -> SERVER: Subject: Verifique seu email - Quinta Flores

[12-May-2025 13:48:01 UTC] PHPMailer (1): CLIENT -> SERVER: Message-ID: <VM2EoNbRtxcdXf6FYiX2LM33t0VmCWSchLzjdzKlHQ@localhost>

[12-May-2025 13:48:01 UTC] PHPMailer (1): CLIENT -> SERVER: X-Mailer: PHPMailer 6.9.3 (https://github.com/PHPMailer/PHPMailer)

[12-May-2025 13:48:01 UTC] PHPMailer (1): CLIENT -> SERVER: MIME-Version: 1.0

[12-May-2025 13:48:01 UTC] PHPMailer (1): CLIENT -> SERVER: Content-Type: text/html; charset=UTF-8

[12-May-2025 13:48:01 UTC] PHPMailer (1): CLIENT -> SERVER: Content-Transfer-Encoding: 8bit

[12-May-2025 13:48:01 UTC] PHPMailer (1): CLIENT -> SERVER: 

[12-May-2025 13:48:01 UTC] PHPMailer (1): CLIENT -> SERVER: <h2>Bem-vindo à Quinta Flores!</h2>

[12-May-2025 13:48:01 UTC] PHPMailer (1): CLIENT -> SERVER:                 <p>A sua conta foi criada com sucesso! Obrigado por se registar. Por favor, clique no link abaixo para verificar seu email:</p>

[12-May-2025 13:48:01 UTC] PHPMailer (1): CLIENT -> SERVER:                 <p><a href='verify.php'>Verificar Email</a></p>

[12-May-2025 13:48:01 UTC] PHPMailer (1): CLIENT -> SERVER: 

[12-May-2025 13:48:01 UTC] PHPMailer (1): CLIENT -> SERVER: .

[12-May-2025 13:48:02 UTC] PHPMailer (2): SERVER -> CLIENT: 250 2.0.0 OK  1747057682 ffacd0b85a97d-3a1f57dde0esm12734883f8f.18 - gsmtp

[12-May-2025 13:48:02 UTC] PHPMailer (1): CLIENT -> SERVER: QUIT

[12-May-2025 13:48:02 UTC] PHPMailer (2): SERVER -> CLIENT: 221 2.0.0 closing connection ffacd0b85a97d-3a1f57dde0esm12734883f8f.18 - gsmtp

[12-May-2025 13:48:02 UTC] Email enviado com sucesso para davidfloresmacieira@gmail.com
[13-May-2025 07:23:47 UTC] Início do processamento de registro
[13-May-2025 07:23:47 UTC] POST recebido: Array
(
    [nome] => David Macieira
    [email] => davidfloresmacieira@gmail.cm
    [password] => Admin123
    [telefone] => 919 241 169
    [documento] => 123456789
    [aceitar_termos] => on
    [csrf_token] => ade96d512816432e66bb1dfcd0f13ae7bcd683fa360fc5f9bd71daedc2a71749
)

[13-May-2025 07:23:47 UTC] Tentando enviar email para davidfloresmacieira@gmail.cm...
[13-May-2025 07:23:50 UTC] Início do processamento de registro
[13-May-2025 07:23:55 UTC] PHPMailer (1): SMTP ERROR: Failed to connect to server: php_network_getaddresses: getaddrinfo for smtp.gmail.com failed: Temporary failure in name resolution (0)
[13-May-2025 07:23:55 UTC] PHPMailer (2): SMTP Error: Could not connect to SMTP host. Failed to connect to server
[13-May-2025 07:23:55 UTC] FALHA ao enviar email: SMTP Error: Could not connect to SMTP host. Failed to connect to server
[13-May-2025 07:23:55 UTC] Detalhes PHPMailer: SMTP Error: Could not connect to SMTP host. Failed to connect to server SMTP server error: Failed to connect to server Additional SMTP info: php_network_getaddresses: getaddrinfo for smtp.gmail.com failed: Temporary failure in name resolution
[13-May-2025 07:23:55 UTC] POST recebido: Array
(
    [nome] => David Macieira
    [email] => davidfloresmacieira@gmail.cm
    [password] => Admin123
    [telefone] => 919 241 169
    [documento] => 123456789
    [aceitar_termos] => on
    [csrf_token] => ade96d512816432e66bb1dfcd0f13ae7bcd683fa360fc5f9bd71daedc2a71749
)

[13-May-2025 07:41:40 UTC] Início do processamento de registro
[13-May-2025 07:41:40 UTC] POST recebido: Array
(
    [nome] => David Macieira
    [email] => davidfloresmacieira@gmail.cm
    [password] => Admin123
    [telefone] => 919 241 169
    [documento] => 123456789
    [aceitar_termos] => on
    [csrf_token] => ade96d512816432e66bb1dfcd0f13ae7bcd683fa360fc5f9bd71daedc2a71749
)

[13-May-2025 07:41:40 UTC] Tentando enviar email para davidfloresmacieira@gmail.cm...
[13-May-2025 07:41:41 UTC] PHPMailer (2): SERVER -> CLIENT: 220 smtp.gmail.com ESMTP ffacd0b85a97d-3a1f5a2d2c8sm15253806f8f.61 - gsmtp

[13-May-2025 07:41:41 UTC] PHPMailer (1): CLIENT -> SERVER: EHLO localhost

[13-May-2025 07:41:41 UTC] PHPMailer (2): SERVER -> CLIENT: 250-smtp.gmail.com at your service, [161.230.207.113]
250-SIZE 35882577
250-8BITMIME
250-STARTTLS
250-ENHANCEDSTATUSCODES
250-PIPELINING
250-CHUNKING
250 SMTPUTF8

[13-May-2025 07:41:41 UTC] PHPMailer (1): CLIENT -> SERVER: STARTTLS

[13-May-2025 07:41:41 UTC] PHPMailer (2): SERVER -> CLIENT: 220 2.0.0 Ready to start TLS

[13-May-2025 07:41:41 UTC] PHPMailer (1): CLIENT -> SERVER: EHLO localhost

[13-May-2025 07:41:41 UTC] PHPMailer (2): SERVER -> CLIENT: 250-smtp.gmail.com at your service, [161.230.207.113]
250-SIZE 35882577
250-8BITMIME
250-AUTH LOGIN PLAIN XOAUTH2 PLAIN-CLIENTTOKEN OAUTHBEARER XOAUTH
250-ENHANCEDSTATUSCODES
250-PIPELINING
250-CHUNKING
250 SMTPUTF8

[13-May-2025 07:41:41 UTC] PHPMailer (1): CLIENT -> SERVER: AUTH LOGIN

[13-May-2025 07:41:41 UTC] PHPMailer (2): SERVER -> CLIENT: 334 VXNlcm5hbWU6

[13-May-2025 07:41:41 UTC] PHPMailer (1): CLIENT -> SERVER: [credentials hidden]
[13-May-2025 07:41:41 UTC] PHPMailer (2): SERVER -> CLIENT: 334 UGFzc3dvcmQ6

[13-May-2025 07:41:41 UTC] PHPMailer (1): CLIENT -> SERVER: [credentials hidden]
[13-May-2025 07:41:41 UTC] PHPMailer (2): SERVER -> CLIENT: 235 2.7.0 Accepted

[13-May-2025 07:41:41 UTC] PHPMailer (1): CLIENT -> SERVER: MAIL FROM:<quinta.flores2019@gmail.com>

[13-May-2025 07:41:41 UTC] PHPMailer (2): SERVER -> CLIENT: 250 2.1.0 OK ffacd0b85a97d-3a1f5a2d2c8sm15253806f8f.61 - gsmtp

[13-May-2025 07:41:41 UTC] PHPMailer (1): CLIENT -> SERVER: RCPT TO:<davidfloresmacieira@gmail.cm>

[13-May-2025 07:41:41 UTC] PHPMailer (2): SERVER -> CLIENT: 250 2.1.5 OK ffacd0b85a97d-3a1f5a2d2c8sm15253806f8f.61 - gsmtp

[13-May-2025 07:41:41 UTC] PHPMailer (1): CLIENT -> SERVER: DATA

[13-May-2025 07:41:41 UTC] PHPMailer (2): SERVER -> CLIENT: 354 Go ahead ffacd0b85a97d-3a1f5a2d2c8sm15253806f8f.61 - gsmtp

[13-May-2025 07:41:41 UTC] PHPMailer (1): CLIENT -> SERVER: Date: Tue, 13 May 2025 07:41:40 +0000

[13-May-2025 07:41:41 UTC] PHPMailer (1): CLIENT -> SERVER: To: davidfloresmacieira@gmail.cm

[13-May-2025 07:41:42 UTC] PHPMailer (1): CLIENT -> SERVER: From: Quinta Flores <quinta.flores2019@gmail.com>

[13-May-2025 07:41:42 UTC] PHPMailer (1): CLIENT -> SERVER: Subject: Verifique seu email - Quinta Flores

[13-May-2025 07:41:42 UTC] PHPMailer (1): CLIENT -> SERVER: Message-ID: <iu99GegHVPQ2VMzfQ4mMXGppR07ErflD5GjK9qykR74@localhost>

[13-May-2025 07:41:42 UTC] PHPMailer (1): CLIENT -> SERVER: X-Mailer: PHPMailer 6.9.3 (https://github.com/PHPMailer/PHPMailer)

[13-May-2025 07:41:42 UTC] PHPMailer (1): CLIENT -> SERVER: MIME-Version: 1.0

[13-May-2025 07:41:42 UTC] PHPMailer (1): CLIENT -> SERVER: Content-Type: text/html; charset=UTF-8

[13-May-2025 07:41:42 UTC] PHPMailer (1): CLIENT -> SERVER: Content-Transfer-Encoding: 8bit

[13-May-2025 07:41:42 UTC] PHPMailer (1): CLIENT -> SERVER: 

[13-May-2025 07:41:42 UTC] PHPMailer (1): CLIENT -> SERVER: <h2>Bem-vindo à Quinta Flores!</h2>

[13-May-2025 07:41:42 UTC] PHPMailer (1): CLIENT -> SERVER:                 <p>A sua conta foi criada com sucesso! Obrigado por se registar. Por favor, clique no link abaixo para verificar seu email:</p>

[13-May-2025 07:41:42 UTC] PHPMailer (1): CLIENT -> SERVER:                 <p><a href='verify.php'>Verificar Email</a></p>

[13-May-2025 07:41:42 UTC] PHPMailer (1): CLIENT -> SERVER: 

[13-May-2025 07:41:42 UTC] PHPMailer (1): CLIENT -> SERVER: .

[13-May-2025 07:41:42 UTC] PHPMailer (2): SERVER -> CLIENT: 250 2.0.0 OK  1747122103 ffacd0b85a97d-3a1f5a2d2c8sm15253806f8f.61 - gsmtp

[13-May-2025 07:41:42 UTC] PHPMailer (1): CLIENT -> SERVER: QUIT

[13-May-2025 07:41:42 UTC] PHPMailer (2): SERVER -> CLIENT: 221 2.0.0 closing connection ffacd0b85a97d-3a1f5a2d2c8sm15253806f8f.61 - gsmtp

[13-May-2025 07:41:42 UTC] Email enviado com sucesso para davidfloresmacieira@gmail.cm
[13-May-2025 13:16:30 UTC] Início do processamento de registro
[13-May-2025 13:16:30 UTC] POST recebido: Array
(
    [nome] => David Macieira
    [email] => davidfloresmacieira@gmail.com
    [password] => Admin123
    [telefone] => 919 241 169
    [documento] => 123456789
    [aceitar_termos] => on
    [csrf_token] => cbd1164e34e998fc9d9f9d5c1ccb911d4bbe2310ce67a4811437a90cb0054e9c
)

[13-May-2025 13:16:30 UTC] Tentando enviar email para davidfloresmacieira@gmail.com...
[13-May-2025 13:16:30 UTC] PHPMailer (2): SERVER -> CLIENT: 220 smtp.gmail.com ESMTP 5b1f17b1804b1-442cd3aeb26sm213258955e9.29 - gsmtp

[13-May-2025 13:16:30 UTC] PHPMailer (1): CLIENT -> SERVER: EHLO localhost

[13-May-2025 13:16:30 UTC] PHPMailer (2): SERVER -> CLIENT: 250-smtp.gmail.com at your service, [161.230.207.113]
250-SIZE 35882577
250-8BITMIME
250-STARTTLS
250-ENHANCEDSTATUSCODES
250-PIPELINING
250-CHUNKING
250 SMTPUTF8

[13-May-2025 13:16:30 UTC] PHPMailer (1): CLIENT -> SERVER: STARTTLS

[13-May-2025 13:16:30 UTC] PHPMailer (2): SERVER -> CLIENT: 220 2.0.0 Ready to start TLS

[13-May-2025 13:16:30 UTC] PHPMailer (1): CLIENT -> SERVER: EHLO localhost

[13-May-2025 13:16:30 UTC] PHPMailer (2): SERVER -> CLIENT: 250-smtp.gmail.com at your service, [161.230.207.113]
250-SIZE 35882577
250-8BITMIME
250-AUTH LOGIN PLAIN XOAUTH2 PLAIN-CLIENTTOKEN OAUTHBEARER XOAUTH
250-ENHANCEDSTATUSCODES
250-PIPELINING
250-CHUNKING
250 SMTPUTF8

[13-May-2025 13:16:30 UTC] PHPMailer (1): CLIENT -> SERVER: AUTH LOGIN

[13-May-2025 13:16:30 UTC] PHPMailer (2): SERVER -> CLIENT: 334 VXNlcm5hbWU6

[13-May-2025 13:16:30 UTC] PHPMailer (1): CLIENT -> SERVER: [credentials hidden]
[13-May-2025 13:16:30 UTC] PHPMailer (2): SERVER -> CLIENT: 334 UGFzc3dvcmQ6

[13-May-2025 13:16:30 UTC] PHPMailer (1): CLIENT -> SERVER: [credentials hidden]
[13-May-2025 13:16:31 UTC] PHPMailer (2): SERVER -> CLIENT: 235 2.7.0 Accepted

[13-May-2025 13:16:31 UTC] PHPMailer (1): CLIENT -> SERVER: MAIL FROM:<quinta.flores2019@gmail.com>

[13-May-2025 13:16:31 UTC] PHPMailer (2): SERVER -> CLIENT: 250 2.1.0 OK 5b1f17b1804b1-442cd3aeb26sm213258955e9.29 - gsmtp

[13-May-2025 13:16:31 UTC] PHPMailer (1): CLIENT -> SERVER: RCPT TO:<davidfloresmacieira@gmail.com>

[13-May-2025 13:16:31 UTC] PHPMailer (2): SERVER -> CLIENT: 250 2.1.5 OK 5b1f17b1804b1-442cd3aeb26sm213258955e9.29 - gsmtp

[13-May-2025 13:16:31 UTC] PHPMailer (1): CLIENT -> SERVER: DATA

[13-May-2025 13:16:31 UTC] PHPMailer (2): SERVER -> CLIENT: 354 Go ahead 5b1f17b1804b1-442cd3aeb26sm213258955e9.29 - gsmtp

[13-May-2025 13:16:31 UTC] PHPMailer (1): CLIENT -> SERVER: Date: Tue, 13 May 2025 13:16:30 +0000

[13-May-2025 13:16:31 UTC] PHPMailer (1): CLIENT -> SERVER: To: davidfloresmacieira@gmail.com

[13-May-2025 13:16:31 UTC] PHPMailer (1): CLIENT -> SERVER: From: Quinta Flores <quinta.flores2019@gmail.com>

[13-May-2025 13:16:31 UTC] PHPMailer (1): CLIENT -> SERVER: Subject: Verifique seu email - Quinta Flores

[13-May-2025 13:16:31 UTC] PHPMailer (1): CLIENT -> SERVER: Message-ID: <SQbFZzwvvtp8SqCpmdRKoq7eEQMgzlEkYDrkiJOlXCk@localhost>

[13-May-2025 13:16:31 UTC] PHPMailer (1): CLIENT -> SERVER: X-Mailer: PHPMailer 6.9.3 (https://github.com/PHPMailer/PHPMailer)

[13-May-2025 13:16:31 UTC] PHPMailer (1): CLIENT -> SERVER: MIME-Version: 1.0

[13-May-2025 13:16:31 UTC] PHPMailer (1): CLIENT -> SERVER: Content-Type: text/html; charset=UTF-8

[13-May-2025 13:16:31 UTC] PHPMailer (1): CLIENT -> SERVER: Content-Transfer-Encoding: 8bit

[13-May-2025 13:16:31 UTC] PHPMailer (1): CLIENT -> SERVER: 

[13-May-2025 13:16:31 UTC] PHPMailer (1): CLIENT -> SERVER: <h2>Bem-vindo à Quinta Flores!</h2>

[13-May-2025 13:16:31 UTC] PHPMailer (1): CLIENT -> SERVER:                 <p>A sua conta foi criada com sucesso! Obrigado por se registar. Por favor, clique no link abaixo para verificar seu email:</p>

[13-May-2025 13:16:31 UTC] PHPMailer (1): CLIENT -> SERVER:                 <p><a href='verify.php'>Verificar Email</a></p>

[13-May-2025 13:16:31 UTC] PHPMailer (1): CLIENT -> SERVER: 

[13-May-2025 13:16:31 UTC] PHPMailer (1): CLIENT -> SERVER: .

[13-May-2025 13:16:32 UTC] PHPMailer (2): SERVER -> CLIENT: 250 2.0.0 OK  1747142192 5b1f17b1804b1-442cd3aeb26sm213258955e9.29 - gsmtp

[13-May-2025 13:16:32 UTC] PHPMailer (1): CLIENT -> SERVER: QUIT

[13-May-2025 13:16:32 UTC] PHPMailer (2): SERVER -> CLIENT: 221 2.0.0 closing connection 5b1f17b1804b1-442cd3aeb26sm213258955e9.29 - gsmtp

[13-May-2025 13:16:32 UTC] Email enviado com sucesso para davidfloresmacieira@gmail.com
[14-May-2025 13:41:59 UTC] Início do processamento de registro
[14-May-2025 13:41:59 UTC] Início do processamento de registro
[14-May-2025 13:42:00 UTC] POST recebido: Array
(
    [nome] => Ema Viana
    [email] => emavianaa8@gmail.com
    [password] => Ema123456
    [telefone] => 9199191919
    [documento] => 254567872
    [aceitar_termos] => on
    [csrf_token] => f37a3663fa2d5a46416ebea267da08da383af3ac818b109af2340c03f271d646
)

[14-May-2025 13:42:00 UTC] Tentando enviar email para emavianaa8@gmail.com...
[14-May-2025 13:42:00 UTC] PHPMailer (2): SERVER -> CLIENT: 220 smtp.gmail.com ESMTP ffacd0b85a97d-3a1f5a2ce36sm20102820f8f.71 - gsmtp

[14-May-2025 13:42:00 UTC] PHPMailer (1): CLIENT -> SERVER: EHLO localhost

[14-May-2025 13:42:00 UTC] PHPMailer (2): SERVER -> CLIENT: 250-smtp.gmail.com at your service, [161.230.207.113]
250-SIZE 35882577
250-8BITMIME
250-STARTTLS
250-ENHANCEDSTATUSCODES
250-PIPELINING
250-CHUNKING
250 SMTPUTF8

[14-May-2025 13:42:00 UTC] PHPMailer (1): CLIENT -> SERVER: STARTTLS

[14-May-2025 13:42:00 UTC] PHPMailer (2): SERVER -> CLIENT: 220 2.0.0 Ready to start TLS

[14-May-2025 13:42:00 UTC] PHPMailer (1): CLIENT -> SERVER: EHLO localhost

[14-May-2025 13:42:00 UTC] PHPMailer (2): SERVER -> CLIENT: 250-smtp.gmail.com at your service, [161.230.207.113]
250-SIZE 35882577
250-8BITMIME
250-AUTH LOGIN PLAIN XOAUTH2 PLAIN-CLIENTTOKEN OAUTHBEARER XOAUTH
250-ENHANCEDSTATUSCODES
250-PIPELINING
250-CHUNKING
250 SMTPUTF8

[14-May-2025 13:42:00 UTC] PHPMailer (1): CLIENT -> SERVER: AUTH LOGIN

[14-May-2025 13:42:00 UTC] PHPMailer (2): SERVER -> CLIENT: 334 VXNlcm5hbWU6

[14-May-2025 13:42:00 UTC] PHPMailer (1): CLIENT -> SERVER: [credentials hidden]
[14-May-2025 13:42:00 UTC] PHPMailer (2): SERVER -> CLIENT: 334 UGFzc3dvcmQ6

[14-May-2025 13:42:00 UTC] PHPMailer (1): CLIENT -> SERVER: [credentials hidden]
[14-May-2025 13:42:01 UTC] PHPMailer (2): SERVER -> CLIENT: 235 2.7.0 Accepted

[14-May-2025 13:42:01 UTC] PHPMailer (1): CLIENT -> SERVER: MAIL FROM:<quinta.flores2019@gmail.com>

[14-May-2025 13:42:01 UTC] PHPMailer (2): SERVER -> CLIENT: 250 2.1.0 OK ffacd0b85a97d-3a1f5a2ce36sm20102820f8f.71 - gsmtp

[14-May-2025 13:42:01 UTC] PHPMailer (1): CLIENT -> SERVER: RCPT TO:<emavianaa8@gmail.com>

[14-May-2025 13:42:01 UTC] PHPMailer (2): SERVER -> CLIENT: 250 2.1.5 OK ffacd0b85a97d-3a1f5a2ce36sm20102820f8f.71 - gsmtp

[14-May-2025 13:42:01 UTC] PHPMailer (1): CLIENT -> SERVER: DATA

[14-May-2025 13:42:01 UTC] PHPMailer (2): SERVER -> CLIENT: 354 Go ahead ffacd0b85a97d-3a1f5a2ce36sm20102820f8f.71 - gsmtp

[14-May-2025 13:42:01 UTC] PHPMailer (1): CLIENT -> SERVER: Date: Wed, 14 May 2025 13:42:00 +0000

[14-May-2025 13:42:01 UTC] PHPMailer (1): CLIENT -> SERVER: To: emavianaa8@gmail.com

[14-May-2025 13:42:01 UTC] PHPMailer (1): CLIENT -> SERVER: From: Quinta Flores <quinta.flores2019@gmail.com>

[14-May-2025 13:42:01 UTC] PHPMailer (1): CLIENT -> SERVER: Subject: Verifique seu email - Quinta Flores

[14-May-2025 13:42:01 UTC] PHPMailer (1): CLIENT -> SERVER: Message-ID: <1BXZwYfnbqRXNdc3A1DlrzxheoPgi3JugqecOdRIwpw@localhost>

[14-May-2025 13:42:01 UTC] PHPMailer (1): CLIENT -> SERVER: X-Mailer: PHPMailer 6.9.3 (https://github.com/PHPMailer/PHPMailer)

[14-May-2025 13:42:01 UTC] PHPMailer (1): CLIENT -> SERVER: MIME-Version: 1.0

[14-May-2025 13:42:01 UTC] PHPMailer (1): CLIENT -> SERVER: Content-Type: text/html; charset=UTF-8

[14-May-2025 13:42:01 UTC] PHPMailer (1): CLIENT -> SERVER: Content-Transfer-Encoding: 8bit

[14-May-2025 13:42:01 UTC] PHPMailer (1): CLIENT -> SERVER: 

[14-May-2025 13:42:01 UTC] PHPMailer (1): CLIENT -> SERVER: <h2>Bem-vindo à Quinta Flores!</h2>

[14-May-2025 13:42:01 UTC] PHPMailer (1): CLIENT -> SERVER:                 <p>A sua conta foi criada com sucesso! Obrigado por se registar. Por favor, clique no link abaixo para verificar seu email:</p>

[14-May-2025 13:42:01 UTC] PHPMailer (1): CLIENT -> SERVER:                 <p><a href='verify.php'>Verificar Email</a></p>

[14-May-2025 13:42:01 UTC] PHPMailer (1): CLIENT -> SERVER: 

[14-May-2025 13:42:01 UTC] PHPMailer (1): CLIENT -> SERVER: .

[14-May-2025 13:42:02 UTC] PHPMailer (2): SERVER -> CLIENT: 250 2.0.0 OK  1747230124 ffacd0b85a97d-3a1f5a2ce36sm20102820f8f.71 - gsmtp

[14-May-2025 13:42:02 UTC] PHPMailer (1): CLIENT -> SERVER: QUIT

[14-May-2025 13:42:02 UTC] PHPMailer (2): SERVER -> CLIENT: 221 2.0.0 closing connection ffacd0b85a97d-3a1f5a2ce36sm20102820f8f.71 - gsmtp

[14-May-2025 13:42:02 UTC] Email enviado com sucesso para emavianaa8@gmail.com
[14-May-2025 13:42:02 UTC] POST recebido: Array
(
    [nome] => Ema Viana
    [email] => emavianaa8@gmail.com
    [password] => Ema123456
    [telefone] => 9199191919
    [documento] => 254567872
    [aceitar_termos] => on
    [csrf_token] => f37a3663fa2d5a46416ebea267da08da383af3ac818b109af2340c03f271d646
)

[15-May-2025 08:01:41 UTC] Início do processamento de registro
[15-May-2025 08:01:42 UTC] POST recebido: Array
(
    [nome] => David Flores Macieira
    [email] => davidfloresmacieira@gmail.com
    [password] => David1234
    [telefone] => 919919919
    [documento] => 234242424
    [aceitar_termos] => on
    [csrf_token] => 87168bea8e5fb001f528bfbcba7ddb831e52e06828cfdc15dad99f60e0115bd1
)

[15-May-2025 08:02:33 UTC] Início do processamento de registro
[15-May-2025 08:02:33 UTC] POST recebido: Array
(
    [nome] => David Flores Macieira
    [email] => davidfloresmacieira@gmail.com
    [password] => David1234
    [telefone] => 919919919
    [documento] => 234242424
    [aceitar_termos] => on
    [csrf_token] => 87168bea8e5fb001f528bfbcba7ddb831e52e06828cfdc15dad99f60e0115bd1
)

[15-May-2025 08:02:33 UTC] Tentando enviar email para davidfloresmacieira@gmail.com...
[15-May-2025 08:02:33 UTC] PHPMailer (2): SERVER -> CLIENT: 220 smtp.gmail.com ESMTP ffacd0b85a97d-3a1f57de100sm21662422f8f.2 - gsmtp

[15-May-2025 08:02:33 UTC] PHPMailer (1): CLIENT -> SERVER: EHLO localhost

[15-May-2025 08:02:33 UTC] PHPMailer (2): SERVER -> CLIENT: 250-smtp.gmail.com at your service, [161.230.207.113]
250-SIZE 35882577
250-8BITMIME
250-STARTTLS
250-ENHANCEDSTATUSCODES
250-PIPELINING
250-CHUNKING
250 SMTPUTF8

[15-May-2025 08:02:33 UTC] PHPMailer (1): CLIENT -> SERVER: STARTTLS

[15-May-2025 08:02:33 UTC] PHPMailer (2): SERVER -> CLIENT: 220 2.0.0 Ready to start TLS

[15-May-2025 08:02:33 UTC] PHPMailer (1): CLIENT -> SERVER: EHLO localhost

[15-May-2025 08:02:33 UTC] PHPMailer (2): SERVER -> CLIENT: 250-smtp.gmail.com at your service, [161.230.207.113]
250-SIZE 35882577
250-8BITMIME
250-AUTH LOGIN PLAIN XOAUTH2 PLAIN-CLIENTTOKEN OAUTHBEARER XOAUTH
250-ENHANCEDSTATUSCODES
250-PIPELINING
250-CHUNKING
250 SMTPUTF8

[15-May-2025 08:02:33 UTC] PHPMailer (1): CLIENT -> SERVER: AUTH LOGIN

[15-May-2025 08:02:33 UTC] PHPMailer (2): SERVER -> CLIENT: 334 VXNlcm5hbWU6

[15-May-2025 08:02:33 UTC] PHPMailer (1): CLIENT -> SERVER: [credentials hidden]
[15-May-2025 08:02:33 UTC] PHPMailer (2): SERVER -> CLIENT: 334 UGFzc3dvcmQ6

[15-May-2025 08:02:33 UTC] PHPMailer (1): CLIENT -> SERVER: [credentials hidden]
[15-May-2025 08:02:33 UTC] PHPMailer (2): SERVER -> CLIENT: 235 2.7.0 Accepted

[15-May-2025 08:02:33 UTC] PHPMailer (1): CLIENT -> SERVER: MAIL FROM:<quinta.flores2019@gmail.com>

[15-May-2025 08:02:33 UTC] PHPMailer (2): SERVER -> CLIENT: 250 2.1.0 OK ffacd0b85a97d-3a1f57de100sm21662422f8f.2 - gsmtp

[15-May-2025 08:02:33 UTC] PHPMailer (1): CLIENT -> SERVER: RCPT TO:<davidfloresmacieira@gmail.com>

[15-May-2025 08:02:34 UTC] PHPMailer (2): SERVER -> CLIENT: 250 2.1.5 OK ffacd0b85a97d-3a1f57de100sm21662422f8f.2 - gsmtp

[15-May-2025 08:02:34 UTC] PHPMailer (1): CLIENT -> SERVER: DATA

[15-May-2025 08:02:34 UTC] PHPMailer (2): SERVER -> CLIENT: 354 Go ahead ffacd0b85a97d-3a1f57de100sm21662422f8f.2 - gsmtp

[15-May-2025 08:02:34 UTC] PHPMailer (1): CLIENT -> SERVER: Date: Thu, 15 May 2025 08:02:33 +0000

[15-May-2025 08:02:34 UTC] PHPMailer (1): CLIENT -> SERVER: To: davidfloresmacieira@gmail.com

[15-May-2025 08:02:34 UTC] PHPMailer (1): CLIENT -> SERVER: From: Quinta Flores <quinta.flores2019@gmail.com>

[15-May-2025 08:02:34 UTC] PHPMailer (1): CLIENT -> SERVER: Subject: Verifique seu email - Quinta Flores

[15-May-2025 08:02:34 UTC] PHPMailer (1): CLIENT -> SERVER: Message-ID: <t17pMPvNZc13028poSMQaRLq0ly1sA9rRHuEJQIY@localhost>

[15-May-2025 08:02:34 UTC] PHPMailer (1): CLIENT -> SERVER: X-Mailer: PHPMailer 6.9.3 (https://github.com/PHPMailer/PHPMailer)

[15-May-2025 08:02:34 UTC] PHPMailer (1): CLIENT -> SERVER: MIME-Version: 1.0

[15-May-2025 08:02:34 UTC] PHPMailer (1): CLIENT -> SERVER: Content-Type: text/html; charset=UTF-8

[15-May-2025 08:02:34 UTC] PHPMailer (1): CLIENT -> SERVER: Content-Transfer-Encoding: 8bit

[15-May-2025 08:02:34 UTC] PHPMailer (1): CLIENT -> SERVER: 

[15-May-2025 08:02:34 UTC] PHPMailer (1): CLIENT -> SERVER: <h2>Bem-vindo à Quinta Flores!</h2>

[15-May-2025 08:02:34 UTC] PHPMailer (1): CLIENT -> SERVER:                 <p>A sua conta foi criada com sucesso! Obrigado por se registar. Por favor, clique no link abaixo para verificar seu email:</p>

[15-May-2025 08:02:34 UTC] PHPMailer (1): CLIENT -> SERVER:                 <p><a href='verify.php'>Verificar Email</a></p>

[15-May-2025 08:02:34 UTC] PHPMailer (1): CLIENT -> SERVER: 

[15-May-2025 08:02:34 UTC] PHPMailer (1): CLIENT -> SERVER: .

[15-May-2025 08:02:34 UTC] PHPMailer (2): SERVER -> CLIENT: 250 2.0.0 OK  1747296157 ffacd0b85a97d-3a1f57de100sm21662422f8f.2 - gsmtp

[15-May-2025 08:02:34 UTC] PHPMailer (1): CLIENT -> SERVER: QUIT

[15-May-2025 08:02:34 UTC] PHPMailer (2): SERVER -> CLIENT: 221 2.0.0 closing connection ffacd0b85a97d-3a1f57de100sm21662422f8f.2 - gsmtp

[15-May-2025 08:02:34 UTC] Email enviado com sucesso para davidfloresmacieira@gmail.com
[15-May-2025 14:30:39 UTC] Início do processamento de registro
[15-May-2025 14:30:40 UTC] POST recebido: Array
(
    [nome] => wgduya
    [email] => teste@gmail.com
    [password] => Testet1234
    [telefone] => 99191919919191
    [documento] => 1999999999999
    [aceitar_termos] => on
    [csrf_token] => 2d85aa5438e4f6783e398bbd03af85882b45f96b51cbb3ae98139a86514f10ae
)

[15-May-2025 14:30:40 UTC] Erro no registro: Incorrect integer value: 'Não' for column 'H_verificado_email' at row 1
[15-May-2025 14:30:47 UTC] Início do processamento de registro
[15-May-2025 14:30:47 UTC] POST recebido: Array
(
    [nome] => wgduya
    [email] => teste@gmail.com
    [password] => Testet1234
    [telefone] => 99191919919191
    [documento] => 99
    [aceitar_termos] => on
    [csrf_token] => 2d85aa5438e4f6783e398bbd03af85882b45f96b51cbb3ae98139a86514f10ae
)

[15-May-2025 14:30:47 UTC] Erro no registro: Incorrect integer value: 'Não' for column 'H_verificado_email' at row 1
[15-May-2025 14:31:02 UTC] Início do processamento de registro
[15-May-2025 14:31:02 UTC] POST recebido: Array
(
    [nome] => wgduya
    [email] => teste@gmail.com
    [password] => Testet1234
    [telefone] => 919919919
    [documento] => 123456789
    [aceitar_termos] => on
    [csrf_token] => 2d85aa5438e4f6783e398bbd03af85882b45f96b51cbb3ae98139a86514f10ae
)

[15-May-2025 14:31:02 UTC] Erro no registro: Incorrect integer value: 'Não' for column 'H_verificado_email' at row 1
[15-May-2025 14:31:09 UTC] Início do processamento de registro
[15-May-2025 14:31:09 UTC] POST recebido: Array
(
    [nome] => wgduya
    [email] => teste@gmail.com
    [password] => Testet1234
    [telefone] => 919241123
    [documento] => 123456789
    [aceitar_termos] => on
    [csrf_token] => 2d85aa5438e4f6783e398bbd03af85882b45f96b51cbb3ae98139a86514f10ae
)

[15-May-2025 14:31:09 UTC] Erro no registro: Incorrect integer value: 'Não' for column 'H_verificado_email' at row 1
[15-May-2025 14:31:16 UTC] Início do processamento de registro
[15-May-2025 14:31:16 UTC] POST recebido: Array
(
    [nome] => testets
    [email] => teste@gmail.com
    [password] => Testet1234
    [telefone] => 919241123
    [documento] => 123456789
    [aceitar_termos] => on
    [csrf_token] => 2d85aa5438e4f6783e398bbd03af85882b45f96b51cbb3ae98139a86514f10ae
)

[15-May-2025 14:31:16 UTC] Erro no registro: Incorrect integer value: 'Não' for column 'H_verificado_email' at row 1
[15-May-2025 14:31:56 UTC] Início do processamento de registro
[15-May-2025 14:31:56 UTC] POST recebido: Array
(
    [nome] => teste teste 
    [email] => teste@gmail.com
    [password] => Teste1234
    [telefone] => 919241169
    [documento] => 123456789
    [aceitar_termos] => on
    [csrf_token] => 2d85aa5438e4f6783e398bbd03af85882b45f96b51cbb3ae98139a86514f10ae
)

[15-May-2025 14:31:56 UTC] Erro no registro: Incorrect integer value: 'Não' for column 'H_verificado_email' at row 1
[15-May-2025 14:32:09 UTC] Início do processamento de registro
[15-May-2025 14:32:09 UTC] POST recebido: Array
(
    [nome] => teste teste 
    [email] => teste@gmail.com
    [password] => Teste1234
    [telefone] => (+351)919241169
    [documento] => 123456789
    [aceitar_termos] => on
    [csrf_token] => 2d85aa5438e4f6783e398bbd03af85882b45f96b51cbb3ae98139a86514f10ae
)

[15-May-2025 14:32:09 UTC] Erro no registro: Incorrect integer value: 'Não' for column 'H_verificado_email' at row 1
[15-May-2025 15:42:31 UTC] Início do processamento de registro
[15-May-2025 15:42:31 UTC] POST recebido: Array
(
    [nome] => David Flores Macieira
    [email] => davidfloresmacieira@gmail.com
    [password] => David1234
    [telefone] => 919919919
    [documento] => 123456789
    [aceitar_termos] => on
    [csrf_token] => 56fc194036edea7fd7374e0644bd3e2cdb0b98d1d889da4368efea7853183686
)

[15-May-2025 15:42:31 UTC] Telefone formatado: 919919919
[15-May-2025 15:42:45 UTC] Início do processamento de registro
[15-May-2025 15:42:45 UTC] POST recebido: Array
(
    [nome] => teste
    [email] => teste@gmail.com
    [password] => David1234
    [telefone] => +351919919919
    [documento] => 123456789
    [aceitar_termos] => on
    [csrf_token] => 56fc194036edea7fd7374e0644bd3e2cdb0b98d1d889da4368efea7853183686
)

[15-May-2025 15:42:45 UTC] Telefone formatado: +351919919919
[15-May-2025 15:42:45 UTC] Erro no registro: Incorrect integer value: 'Não' for column 'H_verificado_email' at row 1
[16-May-2025 07:26:55 UTC] Início do processamento de registro
[16-May-2025 07:26:56 UTC] POST recebido: Array
(
    [nome] => teste teste
    [email] => davidfloresmacieira@gmail.com
    [password] => David1234
    [telefone] => 919241169
    [documento] => 123456789
    [aceitar_termos] => on
    [csrf_token] => 19e4979b6271e3b5b2a361346214207d03ea89edd0f00dcfe790112fe8d8c8db
)

[16-May-2025 07:26:56 UTC] Telefone formatado: 919241169
[16-May-2025 07:26:56 UTC] Erro no registro: Incorrect integer value: 'Não' for column 'H_verificado_email' at row 1
[16-May-2025 07:52:10 UTC] Início do processamento de registro
[16-May-2025 07:52:10 UTC] POST recebido: Array
(
    [nome] => David Flores Macieira
    [email] => davidfloresmacieira@gmail.com
    [password] => David1234
    [telefone] => 919919919
    [documento] => 123456789
    [aceitar_termos] => on
    [csrf_token] => d34e3f1775a8c7397759e194675bacc755d72d4254e9477a94d4c8ba3ef9e798
)

[16-May-2025 07:52:11 UTC] Erro no registro: Incorrect integer value: 'Não' for column 'H_verificado_email' at row 1
[16-May-2025 07:54:29 UTC] Início do processamento de registro
[16-May-2025 07:54:29 UTC] POST recebido: Array
(
    [nome] => David Flores Macieira
    [email] => davidfloresmacieira@gmail.com
    [password] => David1234
    [telefone] => 919919919
    [documento] => 123456789
    [aceitar_termos] => on
    [csrf_token] => d34e3f1775a8c7397759e194675bacc755d72d4254e9477a94d4c8ba3ef9e798
)

[16-May-2025 07:54:29 UTC] Tentando enviar email para davidfloresmacieira@gmail.com...
[16-May-2025 07:54:29 UTC] PHPMailer (2): SERVER -> CLIENT: 220 smtp.gmail.com ESMTP 5b1f17b1804b1-442fd59704esm23758865e9.36 - gsmtp

[16-May-2025 07:54:29 UTC] PHPMailer (1): CLIENT -> SERVER: EHLO localhost

[16-May-2025 07:54:30 UTC] PHPMailer (2): SERVER -> CLIENT: 250-smtp.gmail.com at your service, [161.230.207.113]
250-SIZE 35882577
250-8BITMIME
250-STARTTLS
250-ENHANCEDSTATUSCODES
250-PIPELINING
250-CHUNKING
250 SMTPUTF8

[16-May-2025 07:54:30 UTC] PHPMailer (1): CLIENT -> SERVER: STARTTLS

[16-May-2025 07:54:30 UTC] PHPMailer (2): SERVER -> CLIENT: 220 2.0.0 Ready to start TLS

[16-May-2025 07:54:30 UTC] PHPMailer (1): CLIENT -> SERVER: EHLO localhost

[16-May-2025 07:54:30 UTC] PHPMailer (2): SERVER -> CLIENT: 250-smtp.gmail.com at your service, [161.230.207.113]
250-SIZE 35882577
250-8BITMIME
250-AUTH LOGIN PLAIN XOAUTH2 PLAIN-CLIENTTOKEN OAUTHBEARER XOAUTH
250-ENHANCEDSTATUSCODES
250-PIPELINING
250-CHUNKING
250 SMTPUTF8

[16-May-2025 07:54:30 UTC] PHPMailer (1): CLIENT -> SERVER: AUTH LOGIN

[16-May-2025 07:54:30 UTC] PHPMailer (2): SERVER -> CLIENT: 334 VXNlcm5hbWU6

[16-May-2025 07:54:30 UTC] PHPMailer (1): CLIENT -> SERVER: [credentials hidden]
[16-May-2025 07:54:30 UTC] PHPMailer (2): SERVER -> CLIENT: 334 UGFzc3dvcmQ6

[16-May-2025 07:54:30 UTC] PHPMailer (1): CLIENT -> SERVER: [credentials hidden]
[16-May-2025 07:54:30 UTC] PHPMailer (2): SERVER -> CLIENT: 235 2.7.0 Accepted

[16-May-2025 07:54:30 UTC] PHPMailer (1): CLIENT -> SERVER: MAIL FROM:<quinta.flores2019@gmail.com>

[16-May-2025 07:54:30 UTC] PHPMailer (2): SERVER -> CLIENT: 250 2.1.0 OK 5b1f17b1804b1-442fd59704esm23758865e9.36 - gsmtp

[16-May-2025 07:54:30 UTC] PHPMailer (1): CLIENT -> SERVER: RCPT TO:<davidfloresmacieira@gmail.com>

[16-May-2025 07:54:30 UTC] PHPMailer (2): SERVER -> CLIENT: 250 2.1.5 OK 5b1f17b1804b1-442fd59704esm23758865e9.36 - gsmtp

[16-May-2025 07:54:30 UTC] PHPMailer (1): CLIENT -> SERVER: DATA

[16-May-2025 07:54:31 UTC] PHPMailer (2): SERVER -> CLIENT: 354 Go ahead 5b1f17b1804b1-442fd59704esm23758865e9.36 - gsmtp

[16-May-2025 07:54:31 UTC] PHPMailer (1): CLIENT -> SERVER: Date: Fri, 16 May 2025 07:54:29 +0000

[16-May-2025 07:54:31 UTC] PHPMailer (1): CLIENT -> SERVER: To: davidfloresmacieira@gmail.com

[16-May-2025 07:54:31 UTC] PHPMailer (1): CLIENT -> SERVER: From: Quinta Flores <quinta.flores2019@gmail.com>

[16-May-2025 07:54:31 UTC] PHPMailer (1): CLIENT -> SERVER: Subject: Verifique seu email - Quinta Flores

[16-May-2025 07:54:31 UTC] PHPMailer (1): CLIENT -> SERVER: Message-ID: <bXkcJZ8S0n1NpMWJXzLoW05tI9AUER4LTToj2fTFBZM@localhost>

[16-May-2025 07:54:31 UTC] PHPMailer (1): CLIENT -> SERVER: X-Mailer: PHPMailer 6.9.3 (https://github.com/PHPMailer/PHPMailer)

[16-May-2025 07:54:31 UTC] PHPMailer (1): CLIENT -> SERVER: MIME-Version: 1.0

[16-May-2025 07:54:31 UTC] PHPMailer (1): CLIENT -> SERVER: Content-Type: text/html; charset=UTF-8

[16-May-2025 07:54:31 UTC] PHPMailer (1): CLIENT -> SERVER: Content-Transfer-Encoding: 8bit

[16-May-2025 07:54:31 UTC] PHPMailer (1): CLIENT -> SERVER: 

[16-May-2025 07:54:31 UTC] PHPMailer (1): CLIENT -> SERVER: <h2>Bem-vindo à Quinta Flores!</h2>

[16-May-2025 07:54:31 UTC] PHPMailer (1): CLIENT -> SERVER:                 <p>A sua conta foi criada com sucesso! Obrigado por se registar. Por favor, clique no link abaixo para verificar seu email:</p>

[16-May-2025 07:54:31 UTC] PHPMailer (1): CLIENT -> SERVER:                 <p><a href='http://localhost:8080/PAP/login/verify.php?token=917adec2466e2232e329542c11501b81a1c1c7c1f888584d4753d8cd2d79f3c3'>Verificar Email</a></p>

[16-May-2025 07:54:31 UTC] PHPMailer (1): CLIENT -> SERVER: 

[16-May-2025 07:54:31 UTC] PHPMailer (1): CLIENT -> SERVER: .

[16-May-2025 07:54:31 UTC] PHPMailer (2): SERVER -> CLIENT: 250 2.0.0 OK  1747382075 5b1f17b1804b1-442fd59704esm23758865e9.36 - gsmtp

[16-May-2025 07:54:31 UTC] PHPMailer (1): CLIENT -> SERVER: QUIT

[16-May-2025 07:54:31 UTC] PHPMailer (2): SERVER -> CLIENT: 221 2.0.0 closing connection 5b1f17b1804b1-442fd59704esm23758865e9.36 - gsmtp

[16-May-2025 07:54:31 UTC] Email enviado com sucesso para davidfloresmacieira@gmail.com
[16-May-2025 07:57:59 UTC] Início do processamento de registro
[16-May-2025 07:58:00 UTC] POST recebido: Array
(
    [nome] => David Flores Macieira
    [email] => davidfloresmacieira@gmail.com
    [password] => David1234
    [telefone] => 919919919
    [documento] => 123456789
    [aceitar_termos] => on
    [csrf_token] => d34e3f1775a8c7397759e194675bacc755d72d4254e9477a94d4c8ba3ef9e798
)

[16-May-2025 07:58:00 UTC] Tentando enviar email para davidfloresmacieira@gmail.com...
[16-May-2025 07:58:00 UTC] PHPMailer (2): SERVER -> CLIENT: 220 smtp.gmail.com ESMTP ffacd0b85a97d-3a35ca88957sm1975281f8f.75 - gsmtp

[16-May-2025 07:58:00 UTC] PHPMailer (1): CLIENT -> SERVER: EHLO localhost

[16-May-2025 07:58:00 UTC] PHPMailer (2): SERVER -> CLIENT: 250-smtp.gmail.com at your service, [161.230.207.113]
250-SIZE 35882577
250-8BITMIME
250-STARTTLS
250-ENHANCEDSTATUSCODES
250-PIPELINING
250-CHUNKING
250 SMTPUTF8

[16-May-2025 07:58:00 UTC] PHPMailer (1): CLIENT -> SERVER: STARTTLS

[16-May-2025 07:58:00 UTC] PHPMailer (2): SERVER -> CLIENT: 220 2.0.0 Ready to start TLS

[16-May-2025 07:58:00 UTC] PHPMailer (1): CLIENT -> SERVER: EHLO localhost

[16-May-2025 07:58:00 UTC] PHPMailer (2): SERVER -> CLIENT: 250-smtp.gmail.com at your service, [161.230.207.113]
250-SIZE 35882577
250-8BITMIME
250-AUTH LOGIN PLAIN XOAUTH2 PLAIN-CLIENTTOKEN OAUTHBEARER XOAUTH
250-ENHANCEDSTATUSCODES
250-PIPELINING
250-CHUNKING
250 SMTPUTF8

[16-May-2025 07:58:00 UTC] PHPMailer (1): CLIENT -> SERVER: AUTH LOGIN

[16-May-2025 07:58:00 UTC] PHPMailer (2): SERVER -> CLIENT: 334 VXNlcm5hbWU6

[16-May-2025 07:58:00 UTC] PHPMailer (1): CLIENT -> SERVER: [credentials hidden]
[16-May-2025 07:58:00 UTC] PHPMailer (2): SERVER -> CLIENT: 334 UGFzc3dvcmQ6

[16-May-2025 07:58:00 UTC] PHPMailer (1): CLIENT -> SERVER: [credentials hidden]
[16-May-2025 07:58:01 UTC] PHPMailer (2): SERVER -> CLIENT: 235 2.7.0 Accepted

[16-May-2025 07:58:01 UTC] PHPMailer (1): CLIENT -> SERVER: MAIL FROM:<quinta.flores2019@gmail.com>

[16-May-2025 07:58:01 UTC] PHPMailer (2): SERVER -> CLIENT: 250 2.1.0 OK ffacd0b85a97d-3a35ca88957sm1975281f8f.75 - gsmtp

[16-May-2025 07:58:01 UTC] PHPMailer (1): CLIENT -> SERVER: RCPT TO:<davidfloresmacieira@gmail.com>

[16-May-2025 07:58:01 UTC] PHPMailer (2): SERVER -> CLIENT: 250 2.1.5 OK ffacd0b85a97d-3a35ca88957sm1975281f8f.75 - gsmtp

[16-May-2025 07:58:01 UTC] PHPMailer (1): CLIENT -> SERVER: DATA

[16-May-2025 07:58:01 UTC] PHPMailer (2): SERVER -> CLIENT: 354 Go ahead ffacd0b85a97d-3a35ca88957sm1975281f8f.75 - gsmtp

[16-May-2025 07:58:01 UTC] PHPMailer (1): CLIENT -> SERVER: Date: Fri, 16 May 2025 07:58:00 +0000

[16-May-2025 07:58:01 UTC] PHPMailer (1): CLIENT -> SERVER: To: davidfloresmacieira@gmail.com

[16-May-2025 07:58:01 UTC] PHPMailer (1): CLIENT -> SERVER: From: Quinta Flores <quinta.flores2019@gmail.com>

[16-May-2025 07:58:01 UTC] PHPMailer (1): CLIENT -> SERVER: Subject: Verifique seu email - Quinta Flores

[16-May-2025 07:58:01 UTC] PHPMailer (1): CLIENT -> SERVER: Message-ID: <h4Kk9RQU2y2kJECpVB2TOMp3FjKbEQ0LgXw8NbhSPk@localhost>

[16-May-2025 07:58:01 UTC] PHPMailer (1): CLIENT -> SERVER: X-Mailer: PHPMailer 6.9.3 (https://github.com/PHPMailer/PHPMailer)

[16-May-2025 07:58:01 UTC] PHPMailer (1): CLIENT -> SERVER: MIME-Version: 1.0

[16-May-2025 07:58:01 UTC] PHPMailer (1): CLIENT -> SERVER: Content-Type: text/html; charset=UTF-8

[16-May-2025 07:58:01 UTC] PHPMailer (1): CLIENT -> SERVER: Content-Transfer-Encoding: 8bit

[16-May-2025 07:58:01 UTC] PHPMailer (1): CLIENT -> SERVER: 

[16-May-2025 07:58:01 UTC] PHPMailer (1): CLIENT -> SERVER: <h2>Bem-vindo à Quinta Flores!</h2>

[16-May-2025 07:58:01 UTC] PHPMailer (1): CLIENT -> SERVER:                 <p>A sua conta foi criada com sucesso! Obrigado por se registar. Por favor, clique no link abaixo para verificar seu email:</p>

[16-May-2025 07:58:01 UTC] PHPMailer (1): CLIENT -> SERVER:                 <p><a href='http://localhost:8080/login/verify.php?token=37cce7094cb1df8b157dbb4896fa848427455ecb0e3376f24d83300f67684c8e'>Verificar Email</a></p>

[16-May-2025 07:58:01 UTC] PHPMailer (1): CLIENT -> SERVER: 

[16-May-2025 07:58:01 UTC] PHPMailer (1): CLIENT -> SERVER: .

[16-May-2025 07:58:01 UTC] PHPMailer (2): SERVER -> CLIENT: 250 2.0.0 OK  1747382285 ffacd0b85a97d-3a35ca88957sm1975281f8f.75 - gsmtp

[16-May-2025 07:58:01 UTC] PHPMailer (1): CLIENT -> SERVER: QUIT

[16-May-2025 07:58:02 UTC] PHPMailer (2): SERVER -> CLIENT: 221 2.0.0 closing connection ffacd0b85a97d-3a35ca88957sm1975281f8f.75 - gsmtp

[16-May-2025 07:58:02 UTC] Email enviado com sucesso para davidfloresmacieira@gmail.com
[16-May-2025 07:59:43 UTC] Início do processamento de registro
[16-May-2025 07:59:43 UTC] POST recebido: Array
(
    [nome] => David Flores Macieira
    [email] => davidfloresmacieira@gmail.com
    [password] => David1234
    [telefone] => 919919919
    [documento] => 123456789
    [aceitar_termos] => on
    [csrf_token] => d34e3f1775a8c7397759e194675bacc755d72d4254e9477a94d4c8ba3ef9e798
)

[16-May-2025 07:59:43 UTC] Tentando enviar email para davidfloresmacieira@gmail.com...
[16-May-2025 07:59:43 UTC] PHPMailer (2): SERVER -> CLIENT: 220 smtp.gmail.com ESMTP 5b1f17b1804b1-44300160fd0sm9051325e9.4 - gsmtp

[16-May-2025 07:59:43 UTC] PHPMailer (1): CLIENT -> SERVER: EHLO localhost

[16-May-2025 07:59:43 UTC] PHPMailer (2): SERVER -> CLIENT: 250-smtp.gmail.com at your service, [161.230.207.113]
250-SIZE 35882577
250-8BITMIME
250-STARTTLS
250-ENHANCEDSTATUSCODES
250-PIPELINING
250-CHUNKING
250 SMTPUTF8

[16-May-2025 07:59:43 UTC] PHPMailer (1): CLIENT -> SERVER: STARTTLS

[16-May-2025 07:59:43 UTC] PHPMailer (2): SERVER -> CLIENT: 220 2.0.0 Ready to start TLS

[16-May-2025 07:59:43 UTC] PHPMailer (1): CLIENT -> SERVER: EHLO localhost

[16-May-2025 07:59:43 UTC] PHPMailer (2): SERVER -> CLIENT: 250-smtp.gmail.com at your service, [161.230.207.113]
250-SIZE 35882577
250-8BITMIME
250-AUTH LOGIN PLAIN XOAUTH2 PLAIN-CLIENTTOKEN OAUTHBEARER XOAUTH
250-ENHANCEDSTATUSCODES
250-PIPELINING
250-CHUNKING
250 SMTPUTF8

[16-May-2025 07:59:43 UTC] PHPMailer (1): CLIENT -> SERVER: AUTH LOGIN

[16-May-2025 07:59:43 UTC] PHPMailer (2): SERVER -> CLIENT: 334 VXNlcm5hbWU6

[16-May-2025 07:59:43 UTC] PHPMailer (1): CLIENT -> SERVER: [credentials hidden]
[16-May-2025 07:59:43 UTC] PHPMailer (2): SERVER -> CLIENT: 334 UGFzc3dvcmQ6

[16-May-2025 07:59:43 UTC] PHPMailer (1): CLIENT -> SERVER: [credentials hidden]
[16-May-2025 07:59:43 UTC] PHPMailer (2): SERVER -> CLIENT: 235 2.7.0 Accepted

[16-May-2025 07:59:43 UTC] PHPMailer (1): CLIENT -> SERVER: MAIL FROM:<quinta.flores2019@gmail.com>

[16-May-2025 07:59:44 UTC] PHPMailer (2): SERVER -> CLIENT: 250 2.1.0 OK 5b1f17b1804b1-44300160fd0sm9051325e9.4 - gsmtp

[16-May-2025 07:59:44 UTC] PHPMailer (1): CLIENT -> SERVER: RCPT TO:<davidfloresmacieira@gmail.com>

[16-May-2025 07:59:44 UTC] PHPMailer (2): SERVER -> CLIENT: 250 2.1.5 OK 5b1f17b1804b1-44300160fd0sm9051325e9.4 - gsmtp

[16-May-2025 07:59:44 UTC] PHPMailer (1): CLIENT -> SERVER: DATA

[16-May-2025 07:59:44 UTC] PHPMailer (2): SERVER -> CLIENT: 354 Go ahead 5b1f17b1804b1-44300160fd0sm9051325e9.4 - gsmtp

[16-May-2025 07:59:44 UTC] PHPMailer (1): CLIENT -> SERVER: Date: Fri, 16 May 2025 07:59:43 +0000

[16-May-2025 07:59:44 UTC] PHPMailer (1): CLIENT -> SERVER: To: davidfloresmacieira@gmail.com

[16-May-2025 07:59:44 UTC] PHPMailer (1): CLIENT -> SERVER: From: Quinta Flores <quinta.flores2019@gmail.com>

[16-May-2025 07:59:44 UTC] PHPMailer (1): CLIENT -> SERVER: Subject: Verifique seu email - Quinta Flores

[16-May-2025 07:59:44 UTC] PHPMailer (1): CLIENT -> SERVER: Message-ID: <K07M3R9dULaWJpxA3nbBtSKNSR7i6hthLvCW1hefGpM@localhost>

[16-May-2025 07:59:44 UTC] PHPMailer (1): CLIENT -> SERVER: X-Mailer: PHPMailer 6.9.3 (https://github.com/PHPMailer/PHPMailer)

[16-May-2025 07:59:44 UTC] PHPMailer (1): CLIENT -> SERVER: MIME-Version: 1.0

[16-May-2025 07:59:44 UTC] PHPMailer (1): CLIENT -> SERVER: Content-Type: text/html; charset=UTF-8

[16-May-2025 07:59:44 UTC] PHPMailer (1): CLIENT -> SERVER: Content-Transfer-Encoding: 8bit

[16-May-2025 07:59:44 UTC] PHPMailer (1): CLIENT -> SERVER: 

[16-May-2025 07:59:44 UTC] PHPMailer (1): CLIENT -> SERVER: <h2>Bem-vindo à Quinta Flores!</h2>

[16-May-2025 07:59:44 UTC] PHPMailer (1): CLIENT -> SERVER:                 <p>A sua conta foi criada com sucesso! Obrigado por se registar. Por favor, clique no link abaixo para verificar seu email:</p>

[16-May-2025 07:59:44 UTC] PHPMailer (1): CLIENT -> SERVER:                 <p><a href='http://localhost:8080/login/verify.php?token=c738ba2b1d126cf9c2f2c3471063a0ba23d689eefc111838dd97fd48a4249566'>Verificar Email</a></p>

[16-May-2025 07:59:44 UTC] PHPMailer (1): CLIENT -> SERVER: 

[16-May-2025 07:59:44 UTC] PHPMailer (1): CLIENT -> SERVER: .

[16-May-2025 07:59:44 UTC] PHPMailer (2): SERVER -> CLIENT: 250 2.0.0 OK  1747382388 5b1f17b1804b1-44300160fd0sm9051325e9.4 - gsmtp

[16-May-2025 07:59:44 UTC] PHPMailer (1): CLIENT -> SERVER: QUIT

[16-May-2025 07:59:44 UTC] PHPMailer (2): SERVER -> CLIENT: 221 2.0.0 closing connection 5b1f17b1804b1-44300160fd0sm9051325e9.4 - gsmtp

[16-May-2025 07:59:44 UTC] Email enviado com sucesso para davidfloresmacieira@gmail.com
[16-May-2025 08:01:41 UTC] Início do processamento de registro
[16-May-2025 08:01:41 UTC] POST recebido: Array
(
    [nome] => David Flores Macieira
    [email] => davidfloresmacieira@gmail.com
    [password] => David1234
    [telefone] => 919919919
    [documento] => 123456789
    [aceitar_termos] => on
    [csrf_token] => d34e3f1775a8c7397759e194675bacc755d72d4254e9477a94d4c8ba3ef9e798
)

[16-May-2025 08:01:41 UTC] Tentando enviar email para davidfloresmacieira@gmail.com...
[16-May-2025 08:01:41 UTC] PHPMailer (2): SERVER -> CLIENT: 220 smtp.gmail.com ESMTP 5b1f17b1804b1-442f33804d9sm96629585e9.12 - gsmtp

[16-May-2025 08:01:41 UTC] PHPMailer (1): CLIENT -> SERVER: EHLO localhost

[16-May-2025 08:01:41 UTC] PHPMailer (2): SERVER -> CLIENT: 250-smtp.gmail.com at your service, [161.230.207.113]
250-SIZE 35882577
250-8BITMIME
250-STARTTLS
250-ENHANCEDSTATUSCODES
250-PIPELINING
250-CHUNKING
250 SMTPUTF8

[16-May-2025 08:01:41 UTC] PHPMailer (1): CLIENT -> SERVER: STARTTLS

[16-May-2025 08:01:41 UTC] PHPMailer (2): SERVER -> CLIENT: 220 2.0.0 Ready to start TLS

[16-May-2025 08:01:42 UTC] PHPMailer (1): CLIENT -> SERVER: EHLO localhost

[16-May-2025 08:01:42 UTC] PHPMailer (2): SERVER -> CLIENT: 250-smtp.gmail.com at your service, [161.230.207.113]
250-SIZE 35882577
250-8BITMIME
250-AUTH LOGIN PLAIN XOAUTH2 PLAIN-CLIENTTOKEN OAUTHBEARER XOAUTH
250-ENHANCEDSTATUSCODES
250-PIPELINING
250-CHUNKING
250 SMTPUTF8

[16-May-2025 08:01:42 UTC] PHPMailer (1): CLIENT -> SERVER: AUTH LOGIN

[16-May-2025 08:01:42 UTC] PHPMailer (2): SERVER -> CLIENT: 334 VXNlcm5hbWU6

[16-May-2025 08:01:42 UTC] PHPMailer (1): CLIENT -> SERVER: [credentials hidden]
[16-May-2025 08:01:42 UTC] PHPMailer (2): SERVER -> CLIENT: 334 UGFzc3dvcmQ6

[16-May-2025 08:01:42 UTC] PHPMailer (1): CLIENT -> SERVER: [credentials hidden]
[16-May-2025 08:01:42 UTC] PHPMailer (2): SERVER -> CLIENT: 235 2.7.0 Accepted

[16-May-2025 08:01:42 UTC] PHPMailer (1): CLIENT -> SERVER: MAIL FROM:<quinta.flores2019@gmail.com>

[16-May-2025 08:01:42 UTC] PHPMailer (2): SERVER -> CLIENT: 250 2.1.0 OK 5b1f17b1804b1-442f33804d9sm96629585e9.12 - gsmtp

[16-May-2025 08:01:42 UTC] PHPMailer (1): CLIENT -> SERVER: RCPT TO:<davidfloresmacieira@gmail.com>

[16-May-2025 08:01:42 UTC] PHPMailer (2): SERVER -> CLIENT: 250 2.1.5 OK 5b1f17b1804b1-442f33804d9sm96629585e9.12 - gsmtp

[16-May-2025 08:01:42 UTC] PHPMailer (1): CLIENT -> SERVER: DATA

[16-May-2025 08:01:42 UTC] PHPMailer (2): SERVER -> CLIENT: 354 Go ahead 5b1f17b1804b1-442f33804d9sm96629585e9.12 - gsmtp

[16-May-2025 08:01:42 UTC] PHPMailer (1): CLIENT -> SERVER: Date: Fri, 16 May 2025 08:01:41 +0000

[16-May-2025 08:01:42 UTC] PHPMailer (1): CLIENT -> SERVER: To: davidfloresmacieira@gmail.com

[16-May-2025 08:01:42 UTC] PHPMailer (1): CLIENT -> SERVER: From: Quinta Flores <quinta.flores2019@gmail.com>

[16-May-2025 08:01:42 UTC] PHPMailer (1): CLIENT -> SERVER: Subject: Verifique seu email - Quinta Flores

[16-May-2025 08:01:42 UTC] PHPMailer (1): CLIENT -> SERVER: Message-ID: <AxOZmsep6nE2lBs8iGH5taHPYiMMqgxawgvr5GsUUg@localhost>

[16-May-2025 08:01:42 UTC] PHPMailer (1): CLIENT -> SERVER: X-Mailer: PHPMailer 6.9.3 (https://github.com/PHPMailer/PHPMailer)

[16-May-2025 08:01:42 UTC] PHPMailer (1): CLIENT -> SERVER: MIME-Version: 1.0

[16-May-2025 08:01:42 UTC] PHPMailer (1): CLIENT -> SERVER: Content-Type: text/html; charset=UTF-8

[16-May-2025 08:01:42 UTC] PHPMailer (1): CLIENT -> SERVER: Content-Transfer-Encoding: 8bit

[16-May-2025 08:01:42 UTC] PHPMailer (1): CLIENT -> SERVER: 

[16-May-2025 08:01:42 UTC] PHPMailer (1): CLIENT -> SERVER: <h2>Bem-vindo à Quinta Flores!</h2>

[16-May-2025 08:01:42 UTC] PHPMailer (1): CLIENT -> SERVER:                 <p>A sua conta foi criada com sucesso! Obrigado por se registar. Por favor, clique no link abaixo para verificar seu email:</p>

[16-May-2025 08:01:42 UTC] PHPMailer (1): CLIENT -> SERVER:                 <p><a href='http://localhost:8080/login1/verify.php?token=e9e9b2353f0108d5017c3dc379de5c4de7c70898f42d33b3eccf043ba64fae76'>Verificar Email</a></p>

[16-May-2025 08:01:42 UTC] PHPMailer (1): CLIENT -> SERVER: 

[16-May-2025 08:01:42 UTC] PHPMailer (1): CLIENT -> SERVER: .

[16-May-2025 08:01:43 UTC] PHPMailer (2): SERVER -> CLIENT: 250 2.0.0 OK  1747382506 5b1f17b1804b1-442f33804d9sm96629585e9.12 - gsmtp

[16-May-2025 08:01:43 UTC] PHPMailer (1): CLIENT -> SERVER: QUIT

[16-May-2025 08:01:43 UTC] PHPMailer (2): SERVER -> CLIENT: 221 2.0.0 closing connection 5b1f17b1804b1-442f33804d9sm96629585e9.12 - gsmtp

[16-May-2025 08:01:43 UTC] Email enviado com sucesso para davidfloresmacieira@gmail.com
[16-May-2025 08:03:54 UTC] Início do processamento de registro
[16-May-2025 08:03:54 UTC] POST recebido: Array
(
    [nome] => David Flores Macieira
    [email] => davidfloresmacieira@gmail.com
    [password] => David1234
    [telefone] => 919919919
    [documento] => 123456789
    [aceitar_termos] => on
    [csrf_token] => d34e3f1775a8c7397759e194675bacc755d72d4254e9477a94d4c8ba3ef9e798
)

[16-May-2025 08:03:54 UTC] Tentando enviar email para davidfloresmacieira@gmail.com...
[16-May-2025 08:03:54 UTC] PHPMailer (2): SERVER -> CLIENT: 220 smtp.gmail.com ESMTP ffacd0b85a97d-3a35ca8cb2dsm1980563f8f.84 - gsmtp

[16-May-2025 08:03:54 UTC] PHPMailer (1): CLIENT -> SERVER: EHLO localhost

[16-May-2025 08:03:54 UTC] PHPMailer (2): SERVER -> CLIENT: 250-smtp.gmail.com at your service, [161.230.207.113]
250-SIZE 35882577
250-8BITMIME
250-STARTTLS
250-ENHANCEDSTATUSCODES
250-PIPELINING
250-CHUNKING
250 SMTPUTF8

[16-May-2025 08:03:54 UTC] PHPMailer (1): CLIENT -> SERVER: STARTTLS

[16-May-2025 08:03:54 UTC] PHPMailer (2): SERVER -> CLIENT: 220 2.0.0 Ready to start TLS

[16-May-2025 08:03:55 UTC] PHPMailer (1): CLIENT -> SERVER: EHLO localhost

[16-May-2025 08:03:55 UTC] PHPMailer (2): SERVER -> CLIENT: 250-smtp.gmail.com at your service, [161.230.207.113]
250-SIZE 35882577
250-8BITMIME
250-AUTH LOGIN PLAIN XOAUTH2 PLAIN-CLIENTTOKEN OAUTHBEARER XOAUTH
250-ENHANCEDSTATUSCODES
250-PIPELINING
250-CHUNKING
250 SMTPUTF8

[16-May-2025 08:03:55 UTC] PHPMailer (1): CLIENT -> SERVER: AUTH LOGIN

[16-May-2025 08:03:55 UTC] PHPMailer (2): SERVER -> CLIENT: 334 VXNlcm5hbWU6

[16-May-2025 08:03:55 UTC] PHPMailer (1): CLIENT -> SERVER: [credentials hidden]
[16-May-2025 08:03:55 UTC] PHPMailer (2): SERVER -> CLIENT: 334 UGFzc3dvcmQ6

[16-May-2025 08:03:55 UTC] PHPMailer (1): CLIENT -> SERVER: [credentials hidden]
[16-May-2025 08:03:55 UTC] PHPMailer (2): SERVER -> CLIENT: 235 2.7.0 Accepted

[16-May-2025 08:03:55 UTC] PHPMailer (1): CLIENT -> SERVER: MAIL FROM:<quinta.flores2019@gmail.com>

[16-May-2025 08:03:55 UTC] PHPMailer (2): SERVER -> CLIENT: 250 2.1.0 OK ffacd0b85a97d-3a35ca8cb2dsm1980563f8f.84 - gsmtp

[16-May-2025 08:03:55 UTC] PHPMailer (1): CLIENT -> SERVER: RCPT TO:<davidfloresmacieira@gmail.com>

[16-May-2025 08:03:55 UTC] PHPMailer (2): SERVER -> CLIENT: 250 2.1.5 OK ffacd0b85a97d-3a35ca8cb2dsm1980563f8f.84 - gsmtp

[16-May-2025 08:03:55 UTC] PHPMailer (1): CLIENT -> SERVER: DATA

[16-May-2025 08:03:55 UTC] PHPMailer (2): SERVER -> CLIENT: 354 Go ahead ffacd0b85a97d-3a35ca8cb2dsm1980563f8f.84 - gsmtp

[16-May-2025 08:03:55 UTC] PHPMailer (1): CLIENT -> SERVER: Date: Fri, 16 May 2025 08:03:54 +0000

[16-May-2025 08:03:55 UTC] PHPMailer (1): CLIENT -> SERVER: To: davidfloresmacieira@gmail.com

[16-May-2025 08:03:55 UTC] PHPMailer (1): CLIENT -> SERVER: From: Quinta Flores <quinta.flores2019@gmail.com>

[16-May-2025 08:03:55 UTC] PHPMailer (1): CLIENT -> SERVER: Subject: Verifique seu email - Quinta Flores

[16-May-2025 08:03:55 UTC] PHPMailer (1): CLIENT -> SERVER: Message-ID: <WAmNd9DY3N8csKrUQfJEVcwfIW69mm2oDF9T3H5E@localhost>

[16-May-2025 08:03:55 UTC] PHPMailer (1): CLIENT -> SERVER: X-Mailer: PHPMailer 6.9.3 (https://github.com/PHPMailer/PHPMailer)

[16-May-2025 08:03:55 UTC] PHPMailer (1): CLIENT -> SERVER: MIME-Version: 1.0

[16-May-2025 08:03:55 UTC] PHPMailer (1): CLIENT -> SERVER: Content-Type: text/html; charset=UTF-8

[16-May-2025 08:03:55 UTC] PHPMailer (1): CLIENT -> SERVER: Content-Transfer-Encoding: 8bit

[16-May-2025 08:03:55 UTC] PHPMailer (1): CLIENT -> SERVER: 

[16-May-2025 08:03:55 UTC] PHPMailer (1): CLIENT -> SERVER: <h2>Bem-vindo à Quinta Flores!</h2>

[16-May-2025 08:03:55 UTC] PHPMailer (1): CLIENT -> SERVER:                 <p>A sua conta foi criada com sucesso! Obrigado por se registar. Por favor, clique no link abaixo para verificar seu email:</p>

[16-May-2025 08:03:55 UTC] PHPMailer (1): CLIENT -> SERVER:                 <p><a href='http://localhost:8080/login1/verify.php?token=5d2520a0d359b9b9e45553178f79a2840e94c78b3d5f01c05bde8e0a56d211d0'>Verificar Email</a></p>

[16-May-2025 08:03:55 UTC] PHPMailer (1): CLIENT -> SERVER: 

[16-May-2025 08:03:55 UTC] PHPMailer (1): CLIENT -> SERVER: .

[16-May-2025 08:03:57 UTC] PHPMailer (2): SERVER -> CLIENT: 250 2.0.0 OK  1747382640 ffacd0b85a97d-3a35ca8cb2dsm1980563f8f.84 - gsmtp

[16-May-2025 08:03:57 UTC] PHPMailer (1): CLIENT -> SERVER: QUIT

[16-May-2025 08:03:57 UTC] PHPMailer (2): SERVER -> CLIENT: 221 2.0.0 closing connection ffacd0b85a97d-3a35ca8cb2dsm1980563f8f.84 - gsmtp

[16-May-2025 08:03:57 UTC] Email enviado com sucesso para davidfloresmacieira@gmail.com
